Archive member included to satisfy reference by file (symbol)

../Core/Lib\libarm_cortexM4lf_math.a(arm_rfft_fast_init_f32.o)
                              ./Core/Src/main.o (arm_rfft_fast_init_f32)
../Core/Lib\libarm_cortexM4lf_math.a(arm_rfft_fast_f32.o)
                              ./Core/Src/main.o (arm_rfft_fast_f32)
../Core/Lib\libarm_cortexM4lf_math.a(arm_cfft_f32.o)
                              ../Core/Lib\libarm_cortexM4lf_math.a(arm_rfft_fast_f32.o) (arm_cfft_f32)
../Core/Lib\libarm_cortexM4lf_math.a(arm_common_tables.o)
                              ../Core/Lib\libarm_cortexM4lf_math.a(arm_rfft_fast_init_f32.o) (twiddleCoef_rfft_4096)
../Core/Lib\libarm_cortexM4lf_math.a(arm_bitreversal2.o)
                              ../Core/Lib\libarm_cortexM4lf_math.a(arm_cfft_f32.o) (arm_bitreversal_32)
../Core/Lib\libarm_cortexM4lf_math.a(arm_cfft_radix8_f32.o)
                              ../Core/Lib\libarm_cortexM4lf_math.a(arm_cfft_f32.o) (arm_radix8_butterfly_f32)
c:/st/stm32cubeide_1.5.1/stm32cubeide/plugins/com.st.stm32cube.ide.mcu.externaltools.gnu-tools-for-stm32.10.3-2021.10.win32_1.0.0.202111181127/tools/bin/../lib/gcc/arm-none-eabi/10.3.1/../../../../arm-none-eabi/lib/thumb/v7e-m+fp/hard\libc_nano.a(lib_a-errno.o)
                              ./Core/Src/syscalls.o (__errno)
c:/st/stm32cubeide_1.5.1/stm32cubeide/plugins/com.st.stm32cube.ide.mcu.externaltools.gnu-tools-for-stm32.10.3-2021.10.win32_1.0.0.202111181127/tools/bin/../lib/gcc/arm-none-eabi/10.3.1/../../../../arm-none-eabi/lib/thumb/v7e-m+fp/hard\libc_nano.a(lib_a-exit.o)
                              c:/st/stm32cubeide_1.5.1/stm32cubeide/plugins/com.st.stm32cube.ide.mcu.externaltools.gnu-tools-for-stm32.10.3-2021.10.win32_1.0.0.202111181127/tools/bin/../lib/gcc/arm-none-eabi/10.3.1/../../../../arm-none-eabi/lib/thumb/v7e-m+fp/hard/crt0.o (exit)
c:/st/stm32cubeide_1.5.1/stm32cubeide/plugins/com.st.stm32cube.ide.mcu.externaltools.gnu-tools-for-stm32.10.3-2021.10.win32_1.0.0.202111181127/tools/bin/../lib/gcc/arm-none-eabi/10.3.1/../../../../arm-none-eabi/lib/thumb/v7e-m+fp/hard\libc_nano.a(lib_a-impure.o)
                              c:/st/stm32cubeide_1.5.1/stm32cubeide/plugins/com.st.stm32cube.ide.mcu.externaltools.gnu-tools-for-stm32.10.3-2021.10.win32_1.0.0.202111181127/tools/bin/../lib/gcc/arm-none-eabi/10.3.1/../../../../arm-none-eabi/lib/thumb/v7e-m+fp/hard\libc_nano.a(lib_a-exit.o) (_global_impure_ptr)
c:/st/stm32cubeide_1.5.1/stm32cubeide/plugins/com.st.stm32cube.ide.mcu.externaltools.gnu-tools-for-stm32.10.3-2021.10.win32_1.0.0.202111181127/tools/bin/../lib/gcc/arm-none-eabi/10.3.1/../../../../arm-none-eabi/lib/thumb/v7e-m+fp/hard\libc_nano.a(lib_a-init.o)
                              c:/st/stm32cubeide_1.5.1/stm32cubeide/plugins/com.st.stm32cube.ide.mcu.externaltools.gnu-tools-for-stm32.10.3-2021.10.win32_1.0.0.202111181127/tools/bin/../lib/gcc/arm-none-eabi/10.3.1/../../../../arm-none-eabi/lib/thumb/v7e-m+fp/hard/crt0.o (__libc_init_array)
c:/st/stm32cubeide_1.5.1/stm32cubeide/plugins/com.st.stm32cube.ide.mcu.externaltools.gnu-tools-for-stm32.10.3-2021.10.win32_1.0.0.202111181127/tools/bin/../lib/gcc/arm-none-eabi/10.3.1/../../../../arm-none-eabi/lib/thumb/v7e-m+fp/hard\libc_nano.a(lib_a-memset.o)
                              c:/st/stm32cubeide_1.5.1/stm32cubeide/plugins/com.st.stm32cube.ide.mcu.externaltools.gnu-tools-for-stm32.10.3-2021.10.win32_1.0.0.202111181127/tools/bin/../lib/gcc/arm-none-eabi/10.3.1/../../../../arm-none-eabi/lib/thumb/v7e-m+fp/hard/crt0.o (memset)
c:/st/stm32cubeide_1.5.1/stm32cubeide/plugins/com.st.stm32cube.ide.mcu.externaltools.gnu-tools-for-stm32.10.3-2021.10.win32_1.0.0.202111181127/tools/bin/../lib/gcc/arm-none-eabi/10.3.1/../../../../arm-none-eabi/lib/thumb/v7e-m+fp/hard\libm.a(lib_a-wf_log10.o)
                              ./Core/Src/main.o (log10f)
c:/st/stm32cubeide_1.5.1/stm32cubeide/plugins/com.st.stm32cube.ide.mcu.externaltools.gnu-tools-for-stm32.10.3-2021.10.win32_1.0.0.202111181127/tools/bin/../lib/gcc/arm-none-eabi/10.3.1/../../../../arm-none-eabi/lib/thumb/v7e-m+fp/hard\libm.a(lib_a-wf_sqrt.o)
                              ./Core/Src/main.o (sqrtf)
c:/st/stm32cubeide_1.5.1/stm32cubeide/plugins/com.st.stm32cube.ide.mcu.externaltools.gnu-tools-for-stm32.10.3-2021.10.win32_1.0.0.202111181127/tools/bin/../lib/gcc/arm-none-eabi/10.3.1/../../../../arm-none-eabi/lib/thumb/v7e-m+fp/hard\libm.a(lib_a-ef_log10.o)
                              c:/st/stm32cubeide_1.5.1/stm32cubeide/plugins/com.st.stm32cube.ide.mcu.externaltools.gnu-tools-for-stm32.10.3-2021.10.win32_1.0.0.202111181127/tools/bin/../lib/gcc/arm-none-eabi/10.3.1/../../../../arm-none-eabi/lib/thumb/v7e-m+fp/hard\libm.a(lib_a-wf_log10.o) (__ieee754_log10f)
[...]
Memory Configuration

Name             Origin             Length             Attributes
RAM              0x0000000020000000 0x0000000000020000 xrw
FLASH            0x0000000008000000 0x0000000000080000 xr
*default*        0x0000000000000000 0xffffffffffffffff

Linker script and memory map

LOAD c:/st/stm32cubeide_1.5.1/stm32cubeide/plugins/com.st.stm32cube.ide.mcu.externaltools.gnu-tools-for-stm32.10.3-2021.10.win32_1.0.0.202111181127/tools/bin/../lib/gcc/arm-none-eabi/10.3.1/thumb/v7e-m+fp/hard/crti.o
LOAD c:/st/stm32cubeide_1.5.1/stm32cubeide/plugins/com.st.stm32cube.ide.mcu.externaltools.gnu-tools-for-stm32.10.3-2021.10.win32_1.0.0.202111181127/tools/bin/../lib/gcc/arm-none-eabi/10.3.1/thumb/v7e-m+fp/hard/crtbegin.o
LOAD c:/st/stm32cubeide_1.5.1/stm32cubeide/plugins/com.st.stm32cube.ide.mcu.externaltools.gnu-tools-for-stm32.10.3-2021.10.win32_1.0.0.202111181127/tools/bin/../lib/gcc/arm-none-eabi/10.3.1/../../../../arm-none-eabi/lib/thumb/v7e-m+fp/hard/crt0.o
LOAD ./Core/Src/adc.o
LOAD ./Core/Src/dma.o
LOAD ./Core/Src/gpio.o
LOAD ./Core/Src/main.o
LOAD ./Core/Src/stm32f4xx_hal_msp.o
LOAD ./Core/Src/stm32f4xx_it.o
LOAD ./Core/Src/syscalls.o
LOAD ./Core/Src/sysmem.o
LOAD ./Core/Src/system_stm32f4xx.o
LOAD ./Core/Src/usart.o
LOAD ./Core/Startup/startup_stm32f411retx.o
LOAD ./Drivers/STM32F4xx_HAL_Driver/Src/stm32f4xx_hal.o
LOAD ./Drivers/STM32F4xx_HAL_Driver/Src/stm32f4xx_hal_adc.o
LOAD ./Drivers/STM32F4xx_HAL_Driver/Src/stm32f4xx_hal_adc_ex.o
LOAD ./Drivers/STM32F4xx_HAL_Driver/Src/stm32f4xx_hal_cortex.o
LOAD ./Drivers/STM32F4xx_HAL_Driver/Src/stm32f4xx_hal_dma.o
LOAD ./Drivers/STM32F4xx_HAL_Driver/Src/stm32f4xx_hal_dma_ex.o
LOAD ./Drivers/STM32F4xx_HAL_Driver/Src/stm32f4xx_hal_exti.o
LOAD ./Drivers/STM32F4xx_HAL_Driver/Src/stm32f4xx_hal_flash.o
LOAD ./Drivers/STM32F4xx_HAL_Driver/Src/stm32f4xx_hal_flash_ex.o
LOAD ./Drivers/STM32F4xx_HAL_Driver/Src/stm32f4xx_hal_flash_ramfunc.o
LOAD ./Drivers/STM32F4xx_HAL_Driver/Src/stm32f4xx_hal_gpio.o
LOAD ./Drivers/STM32F4xx_HAL_Driver/Src/stm32f4xx_hal_pwr.o
LOAD ./Drivers/STM32F4xx_HAL_Driver/Src/stm32f4xx_hal_pwr_ex.o
LOAD ./Drivers/STM32F4xx_HAL_Driver/Src/stm32f4xx_hal_rcc.o
LOAD ./Drivers/STM32F4xx_HAL_Driver/Src/stm32f4xx_hal_rcc_ex.o
LOAD ./Drivers/STM32F4xx_HAL_Driver/Src/stm32f4xx_hal_tim.o
LOAD ./Drivers/STM32F4xx_HAL_Driver/Src/stm32f4xx_hal_tim_ex.o
LOAD ./Drivers/STM32F4xx_HAL_Driver/Src/stm32f4xx_hal_uart.o
LOAD ./Drivers/STM32F4xx_HAL_Driver/Src/stm32f4xx_ll_adc.o
LOAD ../Core/Lib\libarm_cortexM4lf_math.a
START GROUP
LOAD c:/st/stm32cubeide_1.5.1/stm32cubeide/plugins/com.st.stm32cube.ide.mcu.externaltools.gnu-tools-for-stm32.10.3-2021.10.win32_1.0.0.202111181127/tools/bin/../lib/gcc/arm-none-eabi/10.3.1/../../../../arm-none-eabi/lib/thumb/v7e-m+fp/hard\libc_nano.a
LOAD c:/st/stm32cubeide_1.5.1/stm32cubeide/plugins/com.st.stm32cube.ide.mcu.externaltools.gnu-tools-for-stm32.10.3-2021.10.win32_1.0.0.202111181127/tools/bin/../lib/gcc/arm-none-eabi/10.3.1/../../../../arm-none-eabi/lib/thumb/v7e-m+fp/hard\libm.a
END GROUP
START GROUP
LOAD c:/st/stm32cubeide_1.5.1/stm32cubeide/plugins/com.st.stm32cube.ide.mcu.externaltools.gnu-tools-for-stm32.10.3-2021.10.win32_1.0.0.202111181127/tools/bin/../lib/gcc/arm-none-eabi/10.3.1/thumb/v7e-m+fp/hard\libgcc.a
LOAD c:/st/stm32cubeide_1.5.1/stm32cubeide/plugins/com.st.stm32cube.ide.mcu.externaltools.gnu-tools-for-stm32.10.3-2021.10.win32_1.0.0.202111181127/tools/bin/../lib/gcc/arm-none-eabi/10.3.1/../../../../arm-none-eabi/lib/thumb/v7e-m+fp/hard\libc_nano.a
END GROUP
START GROUP
LOAD c:/st/stm32cubeide_1.5.1/stm32cubeide/plugins/com.st.stm32cube.ide.mcu.externaltools.gnu-tools-for-stm32.10.3-2021.10.win32_1.0.0.202111181127/tools/bin/../lib/gcc/arm-none-eabi/10.3.1/thumb/v7e-m+fp/hard\libgcc.a
LOAD c:/st/stm32cubeide_1.5.1/stm32cubeide/plugins/com.st.stm32cube.ide.mcu.externaltools.gnu-tools-for-stm32.10.3-2021.10.win32_1.0.0.202111181127/tools/bin/../lib/gcc/arm-none-eabi/10.3.1/../../../../arm-none-eabi/lib/thumb/v7e-m+fp/hard\libc_nano.a
LOAD c:/st/stm32cubeide_1.5.1/stm32cubeide/plugins/com.st.stm32cube.ide.mcu.externaltools.gnu-tools-for-stm32.10.3-2021.10.win32_1.0.0.202111181127/tools/bin/../lib/gcc/arm-none-eabi/10.3.1/../../../../arm-none-eabi/lib/thumb/v7e-m+fp/hard\libnosys.a
END GROUP
START GROUP
LOAD c:/st/stm32cubeide_1.5.1/stm32cubeide/plugins/com.st.stm32cube.ide.mcu.externaltools.gnu-tools-for-stm32.10.3-2021.10.win32_1.0.0.202111181127/tools/bin/../lib/gcc/arm-none-eabi/10.3.1/thumb/v7e-m+fp/hard\libgcc.a
LOAD c:/st/stm32cubeide_1.5.1/stm32cubeide/plugins/com.st.stm32cube.ide.mcu.externaltools.gnu-tools-for-stm32.10.3-2021.10.win32_1.0.0.202111181127/tools/bin/../lib/gcc/arm-none-eabi/10.3.1/../../../../arm-none-eabi/lib/thumb/v7e-m+fp/hard\libc_nano.a
LOAD c:/st/stm32cubeide_1.5.1/stm32cubeide/plugins/com.st.stm32cube.ide.mcu.externaltools.gnu-tools-for-stm32.10.3-2021.10.win32_1.0.0.202111181127/tools/bin/../lib/gcc/arm-none-eabi/10.3.1/../../../../arm-none-eabi/lib/thumb/v7e-m+fp/hard\libnosys.a
END GROUP
LOAD c:/st/stm32cubeide_1.5.1/stm32cubeide/plugins/com.st.stm32cube.ide.mcu.externaltools.gnu-tools-for-stm32.10.3-2021.10.win32_1.0.0.202111181127/tools/bin/../lib/gcc/arm-none-eabi/10.3.1/thumb/v7e-m+fp/hard/crtend.o
LOAD c:/st/stm32cubeide_1.5.1/stm32cubeide/plugins/com.st.stm32cube.ide.mcu.externaltools.gnu-tools-for-stm32.10.3-2021.10.win32_1.0.0.202111181127/tools/bin/../lib/gcc/arm-none-eabi/10.3.1/thumb/v7e-m+fp/hard/crtn.o
                0x0000000020020000                _estack = (ORIGIN (RAM) + LENGTH (RAM))
                0x0000000000000800                _Min_Heap_Size = 0x800
                0x0000000000001000                _Min_Stack_Size = 0x1000

.isr_vector     0x0000000008000000      0x198
                0x0000000008000000                . = ALIGN (0x4)
 *(.isr_vector)
 .isr_vector    0x0000000008000000      0x198 ./Core/Startup/startup_stm32f411retx.o
                0x0000000008000000                g_pfnVectors
                0x0000000008000198                . = ALIGN (0x4)

.text           0x0000000008000198     0x5168
                0x0000000008000198                . = ALIGN (0x4)
 *(.text)
 .text          0x0000000008000198       0x40 c:/st/stm32cubeide_1.5.1/stm32cubeide/plugins/com.st.stm32cube.ide.mcu.externaltools.gnu-tools-for-stm32.10.3-2021.10.win32_1.0.0.202111181127/tools/bin/../lib/gcc/arm-none-eabi/10.3.1/thumb/v7e-m+fp/hard/crtbegin.o
 .text          0x00000000080001d8       0xc0 ../Core/Lib\libarm_cortexM4lf_math.a(arm_bitreversal2.o)
                0x00000000080001d8                arm_bitreversal_32
                0x0000000008000242                arm_bitreversal_16
 .text          0x0000000008000298       0x30 c:/st/stm32cubeide_1.5.1/stm32cubeide/plugins/com.st.stm32cube.ide.mcu.externaltools.gnu-tools-for-stm32.10.3-2021.10.win32_1.0.0.202111181127/tools/bin/../lib/gcc/arm-none-eabi/10.3.1/thumb/v7e-m+fp/hard\libgcc.a(_aeabi_uldivmod.o)
                0x0000000008000298                __aeabi_uldivmod
 .text          0x00000000080002c8      0x2d0 c:/st/stm32cubeide_1.5.1/stm32cubeide/plugins/com.st.stm32cube.ide.mcu.externaltools.gnu-tools-for-stm32.10.3-2021.10.win32_1.0.0.202111181127/tools/bin/../lib/gcc/arm-none-eabi/10.3.1/thumb/v7e-m+fp/hard\libgcc.a(_udivmoddi4.o)
                0x00000000080002c8                __udivmoddi4
 .text          0x0000000008000598        0x4 c:/st/stm32cubeide_1.5.1/stm32cubeide/plugins/com.st.stm32cube.ide.mcu.externaltools.gnu-tools-for-stm32.10.3-2021.10.win32_1.0.0.202111181127/tools/bin/../lib/gcc/arm-none-eabi/10.3.1/thumb/v7e-m+fp/hard\libgcc.a(_dvmd_tls.o)
                0x0000000008000598                __aeabi_idiv0
                0x0000000008000598                __aeabi_ldiv0
 *(.text*)
 .text.MX_ADC1_Init
                0x000000000800059c       0xa8 ./Core/Src/adc.o
                0x000000000800059c                MX_ADC1_Init
 .text.HAL_ADC_MspInit
                0x0000000008000644       0xec ./Core/Src/adc.o
                0x0000000008000644                HAL_ADC_MspInit
 .text.MX_DMA_Init
                0x0000000008000730       0x6c ./Core/Src/dma.o
                0x0000000008000730                MX_DMA_Init
 .text.MX_GPIO_Init
                0x000000000800079c      0x124 ./Core/Src/gpio.o
                0x000000000800079c                MX_GPIO_Init
 .text.main     0x00000000080008c0       0x90 ./Core/Src/main.o
                0x00000000080008c0                main
 .text.SystemClock_Config
                0x0000000008000950       0xd0 ./Core/Src/main.o
                0x0000000008000950                SystemClock_Config
 .text.HAL_ADC_ConvCpltCallback
                0x0000000008000a20       0x3c ./Core/Src/main.o
                0x0000000008000a20                HAL_ADC_ConvCpltCallback
 .text.complexABS
                0x0000000008000a5c       0x38 ./Core/Src/main.o
                0x0000000008000a5c                complexABS
 .text.CalculateFFT
                0x0000000008000a94      0x1c8 ./Core/Src/main.o
                0x0000000008000a94                CalculateFFT
 .text.Error_Handler
                0x0000000008000c5c        0xa ./Core/Src/main.o
                0x0000000008000c5c                Error_Handler
 *fill*         0x0000000008000c66        0x2 
 .text.HAL_MspInit
                0x0000000008000c68       0x50 ./Core/Src/stm32f4xx_hal_msp.o
                0x0000000008000c68                HAL_MspInit
 .text.NMI_Handler
                0x0000000008000cb8        0x6 ./Core/Src/stm32f4xx_it.o
                0x0000000008000cb8                NMI_Handler
 .text.HardFault_Handler
                0x0000000008000cbe        0x6 ./Core/Src/stm32f4xx_it.o
                0x0000000008000cbe                HardFault_Handler
 .text.MemManage_Handler
                0x0000000008000cc4        0x6 ./Core/Src/stm32f4xx_it.o
                0x0000000008000cc4                MemManage_Handler
 .text.BusFault_Handler
                0x0000000008000cca        0x6 ./Core/Src/stm32f4xx_it.o
                0x0000000008000cca                BusFault_Handler
 .text.UsageFault_Handler
                0x0000000008000cd0        0x6 ./Core/Src/stm32f4xx_it.o
                0x0000000008000cd0                UsageFault_Handler
 .text.SVC_Handler
                0x0000000008000cd6        0xe ./Core/Src/stm32f4xx_it.o
                0x0000000008000cd6                SVC_Handler
 .text.DebugMon_Handler
                0x0000000008000ce4        0xe ./Core/Src/stm32f4xx_it.o
                0x0000000008000ce4                DebugMon_Handler
 .text.PendSV_Handler
                0x0000000008000cf2        0xe ./Core/Src/stm32f4xx_it.o
                0x0000000008000cf2                PendSV_Handler
 .text.SysTick_Handler
                0x0000000008000d00        0xc ./Core/Src/stm32f4xx_it.o
                0x0000000008000d00                SysTick_Handler
 .text.DMA1_Stream6_IRQHandler
                0x0000000008000d0c       0x20 ./Core/Src/stm32f4xx_it.o
                0x0000000008000d0c                DMA1_Stream6_IRQHandler
 .text.USART2_IRQHandler
                0x0000000008000d2c       0x14 ./Core/Src/stm32f4xx_it.o
                0x0000000008000d2c                USART2_IRQHandler
 .text.DMA2_Stream0_IRQHandler
                0x0000000008000d40       0x20 ./Core/Src/stm32f4xx_it.o
                0x0000000008000d40                DMA2_Stream0_IRQHandler
 .text.SystemInit
                0x0000000008000d60       0x24 ./Core/Src/system_stm32f4xx.o
                0x0000000008000d60                SystemInit
 .text.MX_USART2_UART_Init
                0x0000000008000d84       0x54 ./Core/Src/usart.o
                0x0000000008000d84                MX_USART2_UART_Init
 .text.HAL_UART_MspInit
                0x0000000008000dd8      0x104 ./Core/Src/usart.o
                0x0000000008000dd8                HAL_UART_MspInit
 .text.Reset_Handler
                0x0000000008000edc       0x50 ./Core/Startup/startup_stm32f411retx.o
                0x0000000008000edc                Reset_Handler
 .text.Default_Handler
                0x0000000008000f2c        0x2 ./Core/Startup/startup_stm32f411retx.o
                0x0000000008000f2c                RTC_Alarm_IRQHandler
                0x0000000008000f2c                EXTI2_IRQHandler
                0x0000000008000f2c                SPI4_IRQHandler
                0x0000000008000f2c                TIM1_CC_IRQHandler
                0x0000000008000f2c                DMA2_Stream5_IRQHandler
                0x0000000008000f2c                DMA1_Stream5_IRQHandler
                0x0000000008000f2c                PVD_IRQHandler
                0x0000000008000f2c                SDIO_IRQHandler
                0x0000000008000f2c                TAMP_STAMP_IRQHandler
                0x0000000008000f2c                EXTI3_IRQHandler
                0x0000000008000f2c                TIM1_UP_TIM10_IRQHandler
                0x0000000008000f2c                I2C3_ER_IRQHandler
                0x0000000008000f2c                EXTI0_IRQHandler
                0x0000000008000f2c                I2C2_EV_IRQHandler
                0x0000000008000f2c                DMA1_Stream2_IRQHandler
                0x0000000008000f2c                FPU_IRQHandler
                0x0000000008000f2c                DMA2_Stream2_IRQHandler
                0x0000000008000f2c                SPI1_IRQHandler
                0x0000000008000f2c                TIM1_BRK_TIM9_IRQHandler
                0x0000000008000f2c                DMA2_Stream3_IRQHandler
                0x0000000008000f2c                USART6_IRQHandler
                0x0000000008000f2c                TIM4_IRQHandler
                0x0000000008000f2c                I2C1_EV_IRQHandler
                0x0000000008000f2c                DMA1_Stream1_IRQHandler
                0x0000000008000f2c                TIM3_IRQHandler
                0x0000000008000f2c                RCC_IRQHandler
                0x0000000008000f2c                Default_Handler
                0x0000000008000f2c                EXTI15_10_IRQHandler
                0x0000000008000f2c                ADC_IRQHandler
                0x0000000008000f2c                DMA1_Stream7_IRQHandler
                0x0000000008000f2c                SPI5_IRQHandler
                0x0000000008000f2c                TIM5_IRQHandler
                0x0000000008000f2c                DMA2_Stream7_IRQHandler
                0x0000000008000f2c                I2C3_EV_IRQHandler
                0x0000000008000f2c                EXTI9_5_IRQHandler
                0x0000000008000f2c                RTC_WKUP_IRQHandler
                0x0000000008000f2c                SPI2_IRQHandler
                0x0000000008000f2c                DMA1_Stream0_IRQHandler
                0x0000000008000f2c                EXTI4_IRQHandler
                0x0000000008000f2c                WWDG_IRQHandler
                0x0000000008000f2c                TIM2_IRQHandler
                0x0000000008000f2c                OTG_FS_WKUP_IRQHandler
                0x0000000008000f2c                TIM1_TRG_COM_TIM11_IRQHandler
                0x0000000008000f2c                EXTI1_IRQHandler
                0x0000000008000f2c                I2C2_ER_IRQHandler
                0x0000000008000f2c                DMA2_Stream1_IRQHandler
                0x0000000008000f2c                FLASH_IRQHandler
                0x0000000008000f2c                DMA2_Stream4_IRQHandler
                0x0000000008000f2c                USART1_IRQHandler
                0x0000000008000f2c                OTG_FS_IRQHandler
                0x0000000008000f2c                SPI3_IRQHandler
                0x0000000008000f2c                DMA1_Stream4_IRQHandler
                0x0000000008000f2c                I2C1_ER_IRQHandler
                0x0000000008000f2c                DMA2_Stream6_IRQHandler
                0x0000000008000f2c                DMA1_Stream3_IRQHandler
 *fill*         0x0000000008000f2e        0x2 
 .text.HAL_Init
                0x0000000008000f30       0x44 ./Drivers/STM32F4xx_HAL_Driver/Src/stm32f4xx_hal.o
                0x0000000008000f30                HAL_Init
 .text.HAL_InitTick
                0x0000000008000f74       0x60 ./Drivers/STM32F4xx_HAL_Driver/Src/stm32f4xx_hal.o
                0x0000000008000f74                HAL_InitTick
 .text.HAL_IncTick
                0x0000000008000fd4       0x28 ./Drivers/STM32F4xx_HAL_Driver/Src/stm32f4xx_hal.o
                0x0000000008000fd4                HAL_IncTick
 .text.HAL_GetTick
                0x0000000008000ffc       0x18 ./Drivers/STM32F4xx_HAL_Driver/Src/stm32f4xx_hal.o
                0x0000000008000ffc                HAL_GetTick
 .text.HAL_ADC_Init
                0x0000000008001014       0x86 ./Drivers/STM32F4xx_HAL_Driver/Src/stm32f4xx_hal_adc.o
                0x0000000008001014                HAL_ADC_Init
 *fill*         0x000000000800109a        0x2 
 .text.HAL_ADC_Start_DMA
                0x000000000800109c      0x1e0 ./Drivers/STM32F4xx_HAL_Driver/Src/stm32f4xx_hal_adc.o
                0x000000000800109c                HAL_ADC_Start_DMA
 .text.HAL_ADC_ConvHalfCpltCallback
                0x000000000800127c       0x14 ./Drivers/STM32F4xx_HAL_Driver/Src/stm32f4xx_hal_adc.o
                0x000000000800127c                HAL_ADC_ConvHalfCpltCallback
 .text.HAL_ADC_ErrorCallback
                0x0000000008001290       0x14 ./Drivers/STM32F4xx_HAL_Driver/Src/stm32f4xx_hal_adc.o
                0x0000000008001290                HAL_ADC_ErrorCallback
 .text.HAL_ADC_ConfigChannel
                0x00000000080012a4      0x264 ./Drivers/STM32F4xx_HAL_Driver/Src/stm32f4xx_hal_adc.o
                0x00000000080012a4                HAL_ADC_ConfigChannel
 .text.ADC_Init
                0x0000000008001508      0x1f8 ./Drivers/STM32F4xx_HAL_Driver/Src/stm32f4xx_hal_adc.o
 .text.ADC_DMAConvCplt
                0x0000000008001700       0xba ./Drivers/STM32F4xx_HAL_Driver/Src/stm32f4xx_hal_adc.o
 .text.ADC_DMAHalfConvCplt
                0x00000000080017ba       0x1c ./Drivers/STM32F4xx_HAL_Driver/Src/stm32f4xx_hal_adc.o
 .text.ADC_DMAError
                0x00000000080017d6       0x2e ./Drivers/STM32F4xx_HAL_Driver/Src/stm32f4xx_hal_adc.o
 .text.__NVIC_SetPriorityGrouping
                0x0000000008001804       0x48 ./Drivers/STM32F4xx_HAL_Driver/Src/stm32f4xx_hal_cortex.o
 .text.__NVIC_GetPriorityGrouping
                0x000000000800184c       0x1c ./Drivers/STM32F4xx_HAL_Driver/Src/stm32f4xx_hal_cortex.o
 .text.__NVIC_EnableIRQ
                0x0000000008001868       0x3c ./Drivers/STM32F4xx_HAL_Driver/Src/stm32f4xx_hal_cortex.o
 .text.__NVIC_SetPriority
                0x00000000080018a4       0x54 ./Drivers/STM32F4xx_HAL_Driver/Src/stm32f4xx_hal_cortex.o
 .text.NVIC_EncodePriority
                0x00000000080018f8       0x66 ./Drivers/STM32F4xx_HAL_Driver/Src/stm32f4xx_hal_cortex.o
 *fill*         0x000000000800195e        0x2 
 .text.SysTick_Config
                0x0000000008001960       0x44 ./Drivers/STM32F4xx_HAL_Driver/Src/stm32f4xx_hal_cortex.o
 .text.HAL_NVIC_SetPriorityGrouping
                0x00000000080019a4       0x16 ./Drivers/STM32F4xx_HAL_Driver/Src/stm32f4xx_hal_cortex.o
                0x00000000080019a4                HAL_NVIC_SetPriorityGrouping
 .text.HAL_NVIC_SetPriority
                0x00000000080019ba       0x38 ./Drivers/STM32F4xx_HAL_Driver/Src/stm32f4xx_hal_cortex.o
                0x00000000080019ba                HAL_NVIC_SetPriority
 .text.HAL_NVIC_EnableIRQ
                0x00000000080019f2       0x1c ./Drivers/STM32F4xx_HAL_Driver/Src/stm32f4xx_hal_cortex.o
                0x00000000080019f2                HAL_NVIC_EnableIRQ
 .text.HAL_SYSTICK_Config
                0x0000000008001a0e       0x18 ./Drivers/STM32F4xx_HAL_Driver/Src/stm32f4xx_hal_cortex.o
                0x0000000008001a0e                HAL_SYSTICK_Config
 *fill*         0x0000000008001a26        0x2 
 .text.HAL_DMA_Init
                0x0000000008001a28      0x15c ./Drivers/STM32F4xx_HAL_Driver/Src/stm32f4xx_hal_dma.o
                0x0000000008001a28                HAL_DMA_Init
 .text.HAL_DMA_Start_IT
                0x0000000008001b84       0xb0 ./Drivers/STM32F4xx_HAL_Driver/Src/stm32f4xx_hal_dma.o
                0x0000000008001b84                HAL_DMA_Start_IT
 .text.HAL_DMA_Abort
                0x0000000008001c34       0xe0 ./Drivers/STM32F4xx_HAL_Driver/Src/stm32f4xx_hal_dma.o
                0x0000000008001c34                HAL_DMA_Abort
 .text.HAL_DMA_Abort_IT
                0x0000000008001d14       0x44 ./Drivers/STM32F4xx_HAL_Driver/Src/stm32f4xx_hal_dma.o
                0x0000000008001d14                HAL_DMA_Abort_IT
 .text.HAL_DMA_IRQHandler
                0x0000000008001d58      0x314 ./Drivers/STM32F4xx_HAL_Driver/Src/stm32f4xx_hal_dma.o
                0x0000000008001d58                HAL_DMA_IRQHandler
 .text.DMA_SetConfig
                0x000000000800206c       0x5c ./Drivers/STM32F4xx_HAL_Driver/Src/stm32f4xx_hal_dma.o
 .text.DMA_CalcBaseAndBitshift
                0x00000000080020c8       0x6c ./Drivers/STM32F4xx_HAL_Driver/Src/stm32f4xx_hal_dma.o
 .text.DMA_CheckFifoParam
                0x0000000008002134       0xf8 ./Drivers/STM32F4xx_HAL_Driver/Src/stm32f4xx_hal_dma.o
 .text.HAL_GPIO_Init
                0x000000000800222c      0x308 ./Drivers/STM32F4xx_HAL_Driver/Src/stm32f4xx_hal_gpio.o
                0x000000000800222c                HAL_GPIO_Init
 .text.HAL_GPIO_WritePin
                0x0000000008002534       0x32 ./Drivers/STM32F4xx_HAL_Driver/Src/stm32f4xx_hal_gpio.o
                0x0000000008002534                HAL_GPIO_WritePin
 .text.HAL_GPIO_TogglePin
                0x0000000008002566       0x34 ./Drivers/STM32F4xx_HAL_Driver/Src/stm32f4xx_hal_gpio.o
                0x0000000008002566                HAL_GPIO_TogglePin
 *fill*         0x000000000800259a        0x2 
 .text.HAL_RCC_OscConfig
                0x000000000800259c      0x4f0 ./Drivers/STM32F4xx_HAL_Driver/Src/stm32f4xx_hal_rcc.o
                0x000000000800259c                HAL_RCC_OscConfig
 .text.HAL_RCC_ClockConfig
                0x0000000008002a8c      0x1cc ./Drivers/STM32F4xx_HAL_Driver/Src/stm32f4xx_hal_rcc.o
                0x0000000008002a8c                HAL_RCC_ClockConfig
 .text.HAL_RCC_GetSysClockFreq
                0x0000000008002c58      0x20c ./Drivers/STM32F4xx_HAL_Driver/Src/stm32f4xx_hal_rcc.o
                0x0000000008002c58                HAL_RCC_GetSysClockFreq
 .text.HAL_RCC_GetHCLKFreq
                0x0000000008002e64       0x18 ./Drivers/STM32F4xx_HAL_Driver/Src/stm32f4xx_hal_rcc.o
                0x0000000008002e64                HAL_RCC_GetHCLKFreq
 .text.HAL_RCC_GetPCLK1Freq
                0x0000000008002e7c       0x28 ./Drivers/STM32F4xx_HAL_Driver/Src/stm32f4xx_hal_rcc.o
                0x0000000008002e7c                HAL_RCC_GetPCLK1Freq
 .text.HAL_RCC_GetPCLK2Freq
                0x0000000008002ea4       0x28 ./Drivers/STM32F4xx_HAL_Driver/Src/stm32f4xx_hal_rcc.o
                0x0000000008002ea4                HAL_RCC_GetPCLK2Freq
 .text.HAL_UART_Init
                0x0000000008002ecc       0x9a ./Drivers/STM32F4xx_HAL_Driver/Src/stm32f4xx_hal_uart.o
                0x0000000008002ecc                HAL_UART_Init
 *fill*         0x0000000008002f66        0x2 
 .text.HAL_UART_Transmit_DMA
                0x0000000008002f68       0xfc ./Drivers/STM32F4xx_HAL_Driver/Src/stm32f4xx_hal_uart.o
                0x0000000008002f68                HAL_UART_Transmit_DMA
 .text.HAL_UART_IRQHandler
                0x0000000008003064      0x51c ./Drivers/STM32F4xx_HAL_Driver/Src/stm32f4xx_hal_uart.o
                0x0000000008003064                HAL_UART_IRQHandler
 .text.HAL_UART_TxCpltCallback
                0x0000000008003580       0x14 ./Drivers/STM32F4xx_HAL_Driver/Src/stm32f4xx_hal_uart.o
                0x0000000008003580                HAL_UART_TxCpltCallback
 .text.HAL_UART_TxHalfCpltCallback
                0x0000000008003594       0x14 ./Drivers/STM32F4xx_HAL_Driver/Src/stm32f4xx_hal_uart.o
                0x0000000008003594                HAL_UART_TxHalfCpltCallback
 .text.HAL_UART_RxCpltCallback
                0x00000000080035a8       0x14 ./Drivers/STM32F4xx_HAL_Driver/Src/stm32f4xx_hal_uart.o
                0x00000000080035a8                HAL_UART_RxCpltCallback
 .text.HAL_UART_ErrorCallback
                0x00000000080035bc       0x14 ./Drivers/STM32F4xx_HAL_Driver/Src/stm32f4xx_hal_uart.o
                0x00000000080035bc                HAL_UART_ErrorCallback
 .text.HAL_UARTEx_RxEventCallback
                0x00000000080035d0       0x18 ./Drivers/STM32F4xx_HAL_Driver/Src/stm32f4xx_hal_uart.o
                0x00000000080035d0                HAL_UARTEx_RxEventCallback
 .text.UART_DMATransmitCplt
                0x00000000080035e8       0x9a ./Drivers/STM32F4xx_HAL_Driver/Src/stm32f4xx_hal_uart.o
 .text.UART_DMATxHalfCplt
                0x0000000008003682       0x1c ./Drivers/STM32F4xx_HAL_Driver/Src/stm32f4xx_hal_uart.o
 .text.UART_DMAError
                0x000000000800369e       0x94 ./Drivers/STM32F4xx_HAL_Driver/Src/stm32f4xx_hal_uart.o
 .text.UART_EndTxTransfer
                0x0000000008003732       0x50 ./Drivers/STM32F4xx_HAL_Driver/Src/stm32f4xx_hal_uart.o
 .text.UART_EndRxTransfer
                0x0000000008003782       0xc6 ./Drivers/STM32F4xx_HAL_Driver/Src/stm32f4xx_hal_uart.o
 .text.UART_DMAAbortOnError
                0x0000000008003848       0x28 ./Drivers/STM32F4xx_HAL_Driver/Src/stm32f4xx_hal_uart.o
 .text.UART_Transmit_IT
                0x0000000008003870       0xa0 ./Drivers/STM32F4xx_HAL_Driver/Src/stm32f4xx_hal_uart.o
 .text.UART_EndTransmit_IT
                0x0000000008003910       0x30 ./Drivers/STM32F4xx_HAL_Driver/Src/stm32f4xx_hal_uart.o
 .text.UART_Receive_IT
                0x0000000008003940      0x176 ./Drivers/STM32F4xx_HAL_Driver/Src/stm32f4xx_hal_uart.o
 *fill*         0x0000000008003ab6        0x2 
 .text.UART_SetConfig
                0x0000000008003ab8      0x4e8 ./Drivers/STM32F4xx_HAL_Driver/Src/stm32f4xx_hal_uart.o
 .text.arm_rfft_fast_init_f32
                0x0000000008003fa0      0x108 ../Core/Lib\libarm_cortexM4lf_math.a(arm_rfft_fast_init_f32.o)
                0x0000000008003fa0                arm_rfft_fast_init_f32
 .text.arm_rfft_fast_f32
                0x00000000080040a8      0x188 ../Core/Lib\libarm_cortexM4lf_math.a(arm_rfft_fast_f32.o)
                0x00000000080040a8                arm_rfft_fast_f32
 .text.arm_cfft_radix8by2_f32
                0x0000000008004230      0x1a4 ../Core/Lib\libarm_cortexM4lf_math.a(arm_cfft_f32.o)
                0x0000000008004230                arm_cfft_radix8by2_f32
 .text.arm_cfft_radix8by4_f32
                0x00000000080043d4      0x4bc ../Core/Lib\libarm_cortexM4lf_math.a(arm_cfft_f32.o)
                0x00000000080043d4                arm_cfft_radix8by4_f32
 .text.arm_cfft_f32
                0x0000000008004890       0xf4 ../Core/Lib\libarm_cortexM4lf_math.a(arm_cfft_f32.o)
                0x0000000008004890                arm_cfft_f32
 .text.arm_radix8_butterfly_f32
                0x0000000008004984      0x5c4 ../Core/Lib\libarm_cortexM4lf_math.a(arm_cfft_radix8_f32.o)
                0x0000000008004984                arm_radix8_butterfly_f32
 .text.__errno  0x0000000008004f48        0xc c:/st/stm32cubeide_1.5.1/stm32cubeide/plugins/com.st.stm32cube.ide.mcu.externaltools.gnu-tools-for-stm32.10.3-2021.10.win32_1.0.0.202111181127/tools/bin/../lib/gcc/arm-none-eabi/10.3.1/../../../../arm-none-eabi/lib/thumb/v7e-m+fp/hard\libc_nano.a(lib_a-errno.o)
                0x0000000008004f48                __errno
 .text.__libc_init_array
                0x0000000008004f54       0x48 c:/st/stm32cubeide_1.5.1/stm32cubeide/plugins/com.st.stm32cube.ide.mcu.externaltools.gnu-tools-for-stm32.10.3-2021.10.win32_1.0.0.202111181127/tools/bin/../lib/gcc/arm-none-eabi/10.3.1/../../../../arm-none-eabi/lib/thumb/v7e-m+fp/hard\libc_nano.a(lib_a-init.o)
                0x0000000008004f54                __libc_init_array
 .text.memset   0x0000000008004f9c       0x10 c:/st/stm32cubeide_1.5.1/stm32cubeide/plugins/com.st.stm32cube.ide.mcu.externaltools.gnu-tools-for-stm32.10.3-2021.10.win32_1.0.0.202111181127/tools/bin/../lib/gcc/arm-none-eabi/10.3.1/../../../../arm-none-eabi/lib/thumb/v7e-m+fp/hard\libc_nano.a(lib_a-memset.o)
                0x0000000008004f9c                memset
 .text.log10f   0x0000000008004fac       0x5c c:/st/stm32cubeide_1.5.1/stm32cubeide/plugins/com.st.stm32cube.ide.mcu.externaltools.gnu-tools-for-stm32.10.3-2021.10.win32_1.0.0.202111181127/tools/bin/../lib/gcc/arm-none-eabi/10.3.1/../../../../arm-none-eabi/lib/thumb/v7e-m+fp/hard\libm.a(lib_a-wf_log10.o)
                0x0000000008004fac                log10f
 .text.sqrtf    0x0000000008005008       0x3c c:/st/stm32cubeide_1.5.1/stm32cubeide/plugins/com.st.stm32cube.ide.mcu.externaltools.gnu-tools-for-stm32.10.3-2021.10.win32_1.0.0.202111181127/tools/bin/../lib/gcc/arm-none-eabi/10.3.1/../../../../arm-none-eabi/lib/thumb/v7e-m+fp/hard\libm.a(lib_a-wf_sqrt.o)
                0x0000000008005008                sqrtf
 .text.__ieee754_log10f
                0x0000000008005044       0xb0 c:/st/stm32cubeide_1.5.1/stm32cubeide/plugins/com.st.stm32cube.ide.mcu.externaltools.gnu-tools-for-stm32.10.3-2021.10.win32_1.0.0.202111181127/tools/bin/../lib/gcc/arm-none-eabi/10.3.1/../../../../arm-none-eabi/lib/thumb/v7e-m+fp/hard\libm.a(lib_a-ef_log10.o)
                0x0000000008005044                __ieee754_log10f
 .text.__ieee754_sqrtf
                0x00000000080050f4        0x6 c:/st/stm32cubeide_1.5.1/stm32cubeide/plugins/com.st.stm32cube.ide.mcu.externaltools.gnu-tools-for-stm32.10.3-2021.10.win32_1.0.0.202111181127/tools/bin/../lib/gcc/arm-none-eabi/10.3.1/../../../../arm-none-eabi/lib/thumb/v7e-m+fp/hard\libm.a(lib_a-ef_sqrt.o)
                0x00000000080050f4                __ieee754_sqrtf
 *fill*         0x00000000080050fa        0x2 
 .text.nanf     0x00000000080050fc        0xc c:/st/stm32cubeide_1.5.1/stm32cubeide/plugins/com.st.stm32cube.ide.mcu.externaltools.gnu-tools-for-stm32.10.3-2021.10.win32_1.0.0.202111181127/tools/bin/../lib/gcc/arm-none-eabi/10.3.1/../../../../arm-none-eabi/lib/thumb/v7e-m+fp/hard\libm.a(lib_a-sf_nan.o)
                0x00000000080050fc                nanf
 .text.__ieee754_logf
                0x0000000008005108      0x1e0 c:/st/stm32cubeide_1.5.1/stm32cubeide/plugins/com.st.stm32cube.ide.mcu.externaltools.gnu-tools-for-stm32.10.3-2021.10.win32_1.0.0.202111181127/tools/bin/../lib/gcc/arm-none-eabi/10.3.1/../../../../arm-none-eabi/lib/thumb/v7e-m+fp/hard\libm.a(lib_a-ef_log.o)
                0x0000000008005108                __ieee754_logf
 *(.glue_7)
 .glue_7        0x00000000080052e8        0x0 linker stubs
 *(.glue_7t)
 .glue_7t       0x00000000080052e8        0x0 linker stubs
 *(.eh_frame)
 .eh_frame      0x00000000080052e8        0x0 c:/st/stm32cubeide_1.5.1/stm32cubeide/plugins/com.st.stm32cube.ide.mcu.externaltools.gnu-tools-for-stm32.10.3-2021.10.win32_1.0.0.202111181127/tools/bin/../lib/gcc/arm-none-eabi/10.3.1/thumb/v7e-m+fp/hard/crtbegin.o
 *(.init)
 .init          0x00000000080052e8        0x4 c:/st/stm32cubeide_1.5.1/stm32cubeide/plugins/com.st.stm32cube.ide.mcu.externaltools.gnu-tools-for-stm32.10.3-2021.10.win32_1.0.0.202111181127/tools/bin/../lib/gcc/arm-none-eabi/10.3.1/thumb/v7e-m+fp/hard/crti.o
                0x00000000080052e8                _init
 .init          0x00000000080052ec        0x8 c:/st/stm32cubeide_1.5.1/stm32cubeide/plugins/com.st.stm32cube.ide.mcu.externaltools.gnu-tools-for-stm32.10.3-2021.10.win32_1.0.0.202111181127/tools/bin/../lib/gcc/arm-none-eabi/10.3.1/thumb/v7e-m+fp/hard/crtn.o
 *(.fini)
 .fini          0x00000000080052f4        0x4 c:/st/stm32cubeide_1.5.1/stm32cubeide/plugins/com.st.stm32cube.ide.mcu.externaltools.gnu-tools-for-stm32.10.3-2021.10.win32_1.0.0.202111181127/tools/bin/../lib/gcc/arm-none-eabi/10.3.1/thumb/v7e-m+fp/hard/crti.o
                0x00000000080052f4                _fini
 .fini          0x00000000080052f8        0x8 c:/st/stm32cubeide_1.5.1/stm32cubeide/plugins/com.st.stm32cube.ide.mcu.externaltools.gnu-tools-for-stm32.10.3-2021.10.win32_1.0.0.202111181127/tools/bin/../lib/gcc/arm-none-eabi/10.3.1/thumb/v7e-m+fp/hard/crtn.o
                0x0000000008005300                . = ALIGN (0x4)
                0x0000000008005300                _etext = .

.vfp11_veneer   0x0000000008005300        0x0
 .vfp11_veneer  0x0000000008005300        0x0 linker stubs

.v4_bx          0x0000000008005300        0x0
 .v4_bx         0x0000000008005300        0x0 linker stubs

.iplt           0x0000000008005300        0x0
 .iplt          0x0000000008005300        0x0 c:/st/stm32cubeide_1.5.1/stm32cubeide/plugins/com.st.stm32cube.ide.mcu.externaltools.gnu-tools-for-stm32.10.3-2021.10.win32_1.0.0.202111181127/tools/bin/../lib/gcc/arm-none-eabi/10.3.1/thumb/v7e-m+fp/hard/crtbegin.o

.rodata         0x0000000008005300    0x1347c
                0x0000000008005300                . = ALIGN (0x4)
 *(.rodata)
 *(.rodata*)
 .rodata.AHBPrescTable
                0x0000000008005300       0x10 ./Core/Src/system_stm32f4xx.o
                0x0000000008005300                AHBPrescTable
 .rodata.APBPrescTable
                0x0000000008005310        0x8 ./Core/Src/system_stm32f4xx.o
                0x0000000008005310                APBPrescTable
 .rodata.flagBitshiftOffset.0
                0x0000000008005318        0x8 ./Drivers/STM32F4xx_HAL_Driver/Src/stm32f4xx_hal_dma.o
 .rodata.twiddleCoef_2048
                0x0000000008005320     0x4000 ../Core/Lib\libarm_cortexM4lf_math.a(arm_common_tables.o)
                0x0000000008005320                twiddleCoef_2048
 .rodata.twiddleCoef_rfft_64
                0x0000000008009320      0x100 ../Core/Lib\libarm_cortexM4lf_math.a(arm_common_tables.o)
                0x0000000008009320                twiddleCoef_rfft_64
 .rodata.armBitRevIndexTable64
                0x0000000008009420       0x70 ../Core/Lib\libarm_cortexM4lf_math.a(arm_common_tables.o)
                0x0000000008009420                armBitRevIndexTable64
 .rodata.twiddleCoef_rfft_2048
                0x0000000008009490     0x2000 ../Core/Lib\libarm_cortexM4lf_math.a(arm_common_tables.o)
                0x0000000008009490                twiddleCoef_rfft_2048
 .rodata.twiddleCoef_rfft_4096
                0x000000000800b490     0x4000 ../Core/Lib\libarm_cortexM4lf_math.a(arm_common_tables.o)
                0x000000000800b490                twiddleCoef_rfft_4096
 .rodata.twiddleCoef_256
                0x000000000800f490      0x800 ../Core/Lib\libarm_cortexM4lf_math.a(arm_common_tables.o)
                0x000000000800f490                twiddleCoef_256
 .rodata.twiddleCoef_16
                0x000000000800fc90       0x80 ../Core/Lib\libarm_cortexM4lf_math.a(arm_common_tables.o)
                0x000000000800fc90                twiddleCoef_16
 .rodata.twiddleCoef_1024
                0x000000000800fd10     0x2000 ../Core/Lib\libarm_cortexM4lf_math.a(arm_common_tables.o)
                0x000000000800fd10                twiddleCoef_1024
 .rodata.twiddleCoef_32
                0x0000000008011d10      0x100 ../Core/Lib\libarm_cortexM4lf_math.a(arm_common_tables.o)
                0x0000000008011d10                twiddleCoef_32
 .rodata.armBitRevIndexTable1024
                0x0000000008011e10      0xe10 ../Core/Lib\libarm_cortexM4lf_math.a(arm_common_tables.o)
                0x0000000008011e10                armBitRevIndexTable1024
 .rodata.armBitRevIndexTable16
                0x0000000008012c20       0x28 ../Core/Lib\libarm_cortexM4lf_math.a(arm_common_tables.o)
                0x0000000008012c20                armBitRevIndexTable16
 .rodata.twiddleCoef_rfft_32
                0x0000000008012c48       0x80 ../Core/Lib\libarm_cortexM4lf_math.a(arm_common_tables.o)
                0x0000000008012c48                twiddleCoef_rfft_32
 .rodata.armBitRevIndexTable32
                0x0000000008012cc8       0x60 ../Core/Lib\libarm_cortexM4lf_math.a(arm_common_tables.o)
                0x0000000008012cc8                armBitRevIndexTable32
 .rodata.twiddleCoef_128
                0x0000000008012d28      0x400 ../Core/Lib\libarm_cortexM4lf_math.a(arm_common_tables.o)
                0x0000000008012d28                twiddleCoef_128
 .rodata.twiddleCoef_512
                0x0000000008013128     0x1000 ../Core/Lib\libarm_cortexM4lf_math.a(arm_common_tables.o)
                0x0000000008013128                twiddleCoef_512
 .rodata.armBitRevIndexTable2048
                0x0000000008014128     0x1dc0 ../Core/Lib\libarm_cortexM4lf_math.a(arm_common_tables.o)
                0x0000000008014128                armBitRevIndexTable2048
 .rodata.twiddleCoef_64
                0x0000000008015ee8      0x200 ../Core/Lib\libarm_cortexM4lf_math.a(arm_common_tables.o)
                0x0000000008015ee8                twiddleCoef_64
 .rodata.twiddleCoef_rfft_512
                0x00000000080160e8      0x800 ../Core/Lib\libarm_cortexM4lf_math.a(arm_common_tables.o)
                0x00000000080160e8                twiddleCoef_rfft_512
 .rodata.armBitRevIndexTable512
                0x00000000080168e8      0x380 ../Core/Lib\libarm_cortexM4lf_math.a(arm_common_tables.o)
                0x00000000080168e8                armBitRevIndexTable512
 .rodata.twiddleCoef_rfft_1024
                0x0000000008016c68     0x1000 ../Core/Lib\libarm_cortexM4lf_math.a(arm_common_tables.o)
                0x0000000008016c68                twiddleCoef_rfft_1024
 .rodata.twiddleCoef_rfft_256
                0x0000000008017c68      0x400 ../Core/Lib\libarm_cortexM4lf_math.a(arm_common_tables.o)
                0x0000000008017c68                twiddleCoef_rfft_256
 .rodata.armBitRevIndexTable256
                0x0000000008018068      0x370 ../Core/Lib\libarm_cortexM4lf_math.a(arm_common_tables.o)
                0x0000000008018068                armBitRevIndexTable256
 .rodata.twiddleCoef_rfft_128
                0x00000000080183d8      0x200 ../Core/Lib\libarm_cortexM4lf_math.a(arm_common_tables.o)
                0x00000000080183d8                twiddleCoef_rfft_128
 .rodata.armBitRevIndexTable128
                0x00000000080185d8      0x1a0 ../Core/Lib\libarm_cortexM4lf_math.a(arm_common_tables.o)
                0x00000000080185d8                armBitRevIndexTable128
 .rodata.log10f.str1.1
                0x0000000008018778        0x1 c:/st/stm32cubeide_1.5.1/stm32cubeide/plugins/com.st.stm32cube.ide.mcu.externaltools.gnu-tools-for-stm32.10.3-2021.10.win32_1.0.0.202111181127/tools/bin/../lib/gcc/arm-none-eabi/10.3.1/../../../../arm-none-eabi/lib/thumb/v7e-m+fp/hard\libm.a(lib_a-wf_log10.o)
                0x000000000801877c                . = ALIGN (0x4)
 *fill*         0x0000000008018779        0x3 

.ARM.extab      0x000000000801877c        0x0
                0x000000000801877c                . = ALIGN (0x4)
 *(.ARM.extab* .gnu.linkonce.armextab.*)
                0x000000000801877c                . = ALIGN (0x4)

.ARM            0x000000000801877c        0x8
                0x000000000801877c                . = ALIGN (0x4)
                0x000000000801877c                __exidx_start = .
 *(.ARM.exidx*)
 .ARM.exidx     0x000000000801877c        0x8 c:/st/stm32cubeide_1.5.1/stm32cubeide/plugins/com.st.stm32cube.ide.mcu.externaltools.gnu-tools-for-stm32.10.3-2021.10.win32_1.0.0.202111181127/tools/bin/../lib/gcc/arm-none-eabi/10.3.1/thumb/v7e-m+fp/hard\libgcc.a(_udivmoddi4.o)
                0x0000000008018784                __exidx_end = .
                0x0000000008018784                . = ALIGN (0x4)

.rel.dyn        0x0000000008018784        0x0
 .rel.iplt      0x0000000008018784        0x0 c:/st/stm32cubeide_1.5.1/stm32cubeide/plugins/com.st.stm32cube.ide.mcu.externaltools.gnu-tools-for-stm32.10.3-2021.10.win32_1.0.0.202111181127/tools/bin/../lib/gcc/arm-none-eabi/10.3.1/thumb/v7e-m+fp/hard/crtbegin.o

.preinit_array  0x0000000008018784        0x0
                0x0000000008018784                . = ALIGN (0x4)
                0x0000000008018784                PROVIDE (__preinit_array_start = .)
 *(.preinit_array*)
                0x0000000008018784                PROVIDE (__preinit_array_end = .)
                0x0000000008018784                . = ALIGN (0x4)

.init_array     0x0000000008018784        0x4
                0x0000000008018784                . = ALIGN (0x4)
                0x0000000008018784                PROVIDE (__init_array_start = .)
 *(SORT_BY_NAME(.init_array.*))
 *(.init_array*)
 .init_array    0x0000000008018784        0x4 c:/st/stm32cubeide_1.5.1/stm32cubeide/plugins/com.st.stm32cube.ide.mcu.externaltools.gnu-tools-for-stm32.10.3-2021.10.win32_1.0.0.202111181127/tools/bin/../lib/gcc/arm-none-eabi/10.3.1/thumb/v7e-m+fp/hard/crtbegin.o
                0x0000000008018788                PROVIDE (__init_array_end = .)
                0x0000000008018788                . = ALIGN (0x4)

.fini_array     0x0000000008018788        0x4
                0x0000000008018788                . = ALIGN (0x4)
                [!provide]                        PROVIDE (__fini_array_start = .)
 *(SORT_BY_NAME(.fini_array.*))
 *(.fini_array*)
 .fini_array    0x0000000008018788        0x4 c:/st/stm32cubeide_1.5.1/stm32cubeide/plugins/com.st.stm32cube.ide.mcu.externaltools.gnu-tools-for-stm32.10.3-2021.10.win32_1.0.0.202111181127/tools/bin/../lib/gcc/arm-none-eabi/10.3.1/thumb/v7e-m+fp/hard/crtbegin.o
                [!provide]                        PROVIDE (__fini_array_end = .)
                0x000000000801878c                . = ALIGN (0x4)
                0x000000000801878c                _sidata = LOADADDR (.data)

.data           0x0000000020000000       0x70 load address 0x000000000801878c
                0x0000000020000000                . = ALIGN (0x4)
                0x0000000020000000                _sdata = .
 *(.data)
 *(.data*)
 .data.SystemCoreClock
                0x0000000020000000        0x4 ./Core/Src/system_stm32f4xx.o
                0x0000000020000000                SystemCoreClock
 .data.uwTickPrio
                0x0000000020000004        0x4 ./Drivers/STM32F4xx_HAL_Driver/Src/stm32f4xx_hal.o
                0x0000000020000004                uwTickPrio
 .data.uwTickFreq
                0x0000000020000008        0x1 ./Drivers/STM32F4xx_HAL_Driver/Src/stm32f4xx_hal.o
                0x0000000020000008                uwTickFreq
 *fill*         0x0000000020000009        0x3 
 .data._impure_ptr
                0x000000002000000c        0x4 c:/st/stm32cubeide_1.5.1/stm32cubeide/plugins/com.st.stm32cube.ide.mcu.externaltools.gnu-tools-for-stm32.10.3-2021.10.win32_1.0.0.202111181127/tools/bin/../lib/gcc/arm-none-eabi/10.3.1/../../../../arm-none-eabi/lib/thumb/v7e-m+fp/hard\libc_nano.a(lib_a-impure.o)
                0x000000002000000c                _impure_ptr
 .data.impure_data
                0x0000000020000010       0x60 c:/st/stm32cubeide_1.5.1/stm32cubeide/plugins/com.st.stm32cube.ide.mcu.externaltools.gnu-tools-for-stm32.10.3-2021.10.win32_1.0.0.202111181127/tools/bin/../lib/gcc/arm-none-eabi/10.3.1/../../../../arm-none-eabi/lib/thumb/v7e-m+fp/hard\libc_nano.a(lib_a-impure.o)
 *(.RamFunc)
 *(.RamFunc*)
                0x0000000020000070                . = ALIGN (0x4)
                0x0000000020000070                _edata = .

.igot.plt       0x0000000020000070        0x0 load address 0x00000000080187fc
 .igot.plt      0x0000000020000070        0x0 c:/st/stm32cubeide_1.5.1/stm32cubeide/plugins/com.st.stm32cube.ide.mcu.externaltools.gnu-tools-for-stm32.10.3-2021.10.win32_1.0.0.202111181127/tools/bin/../lib/gcc/arm-none-eabi/10.3.1/thumb/v7e-m+fp/hard/crtbegin.o
                0x0000000020000070                . = ALIGN (0x4)

.bss            0x0000000020000070     0x4994 load address 0x00000000080187fc
                0x0000000020000070                _sbss = .
                0x0000000020000070                __bss_start__ = _sbss
 *(.bss)
 .bss           0x0000000020000070       0x1c c:/st/stm32cubeide_1.5.1/stm32cubeide/plugins/com.st.stm32cube.ide.mcu.externaltools.gnu-tools-for-stm32.10.3-2021.10.win32_1.0.0.202111181127/tools/bin/../lib/gcc/arm-none-eabi/10.3.1/thumb/v7e-m+fp/hard/crtbegin.o
 *(.bss*)
 .bss.hadc1     0x000000002000008c       0x48 ./Core/Src/adc.o
                0x000000002000008c                hadc1
 .bss.hdma_adc1
                0x00000000200000d4       0x60 ./Core/Src/adc.o
                0x00000000200000d4                hdma_adc1
 .bss.val       0x0000000020000134      0x800 ./Core/Src/main.o
                0x0000000020000134                val
 .bss.FFTInBuffer
                0x0000000020000934     0x2000 ./Core/Src/main.o
                0x0000000020000934                FFTInBuffer
 .bss.FFTOutBuffer
                0x0000000020002934     0x2000 ./Core/Src/main.o
                0x0000000020002934                FFTOutBuffer
 .bss.FFTHandler
                0x0000000020004934       0x18 ./Core/Src/main.o
                0x0000000020004934                FFTHandler
 .bss.SamplesReady
                0x000000002000494c        0x1 ./Core/Src/main.o
                0x000000002000494c                SamplesReady
 *fill*         0x000000002000494d        0x3 
 .bss.OutFreqArray
                0x0000000020004950        0xa ./Core/Src/main.o
                0x0000000020004950                OutFreqArray
 *fill*         0x000000002000495a        0x2 
 .bss.huart2    0x000000002000495c       0x44 ./Core/Src/usart.o
                0x000000002000495c                huart2
 .bss.hdma_usart2_tx
                0x00000000200049a0       0x60 ./Core/Src/usart.o
                0x00000000200049a0                hdma_usart2_tx
 .bss.uwTick    0x0000000020004a00        0x4 ./Drivers/STM32F4xx_HAL_Driver/Src/stm32f4xx_hal.o
                0x0000000020004a00                uwTick
 *(COMMON)
                0x0000000020004a04                . = ALIGN (0x4)
                0x0000000020004a04                _ebss = .
                0x0000000020004a04                __bss_end__ = _ebss

._user_heap_stack
                0x0000000020004a04     0x1804 load address 0x00000000080187fc
                0x0000000020004a08                . = ALIGN (0x8)
 *fill*         0x0000000020004a04        0x4 
                [!provide]                        PROVIDE (end = .)
                0x0000000020004a08                PROVIDE (_end = .)
                0x0000000020005208                . = (. + _Min_Heap_Size)
 *fill*         0x0000000020004a08      0x800 
                0x0000000020006208                . = (. + _Min_Stack_Size)
 *fill*         0x0000000020005208     0x1000 
                0x0000000020006208                . = ALIGN (0x8)

/DISCARD/
 libc.a(*)
 libm.a(*)
 libgcc.a(*)

.ARM.attributes
                0x0000000000000000       0x30
 *(.ARM.attributes)
 .ARM.attributes
                0x0000000000000000       0x1e c:/st/stm32cubeide_1.5.1/stm32cubeide/plugins/com.st.stm32cube.ide.mcu.externaltools.gnu-tools-for-stm32.10.3-2021.10.win32_1.0.0.202111181127/tools/bin/../lib/gcc/arm-none-eabi/10.3.1/thumb/v7e-m+fp/hard/crti.o
 .ARM.attributes
                0x000000000000001e       0x34 c:/st/stm32cubeide_1.5.1/stm32cubeide/plugins/com.st.stm32cube.ide.mcu.externaltools.gnu-tools-for-stm32.10.3-2021.10.win32_1.0.0.202111181127/tools/bin/../lib/gcc/arm-none-eabi/10.3.1/thumb/v7e-m+fp/hard/crtbegin.o
 .ARM.attributes
                0x0000000000000052       0x34 ./Core/Src/adc.o
 .ARM.attributes
                0x0000000000000086       0x34 ./Core/Src/dma.o
 .ARM.attributes
                0x00000000000000ba       0x34 ./Core/Src/gpio.o
 .ARM.attributes
                0x00000000000000ee       0x34 ./Core/Src/main.o
 .ARM.attributes
                0x0000000000000122       0x34 ./Core/Src/stm32f4xx_hal_msp.o
 .ARM.attributes
                0x0000000000000156       0x34 ./Core/Src/stm32f4xx_it.o
 .ARM.attributes
                0x000000000000018a       0x34 ./Core/Src/system_stm32f4xx.o
 .ARM.attributes
                0x00000000000001be       0x34 ./Core/Src/usart.o
 .ARM.attributes
                0x00000000000001f2       0x21 ./Core/Startup/startup_stm32f411retx.o
 .ARM.attributes
                0x0000000000000213       0x34 ./Drivers/STM32F4xx_HAL_Driver/Src/stm32f4xx_hal.o
 .ARM.attributes
                0x0000000000000247       0x34 ./Drivers/STM32F4xx_HAL_Driver/Src/stm32f4xx_hal_adc.o
 .ARM.attributes
                0x000000000000027b       0x34 ./Drivers/STM32F4xx_HAL_Driver/Src/stm32f4xx_hal_cortex.o
 .ARM.attributes
                0x00000000000002af       0x34 ./Drivers/STM32F4xx_HAL_Driver/Src/stm32f4xx_hal_dma.o
 .ARM.attributes
                0x00000000000002e3       0x34 ./Drivers/STM32F4xx_HAL_Driver/Src/stm32f4xx_hal_gpio.o
 .ARM.attributes
                0x0000000000000317       0x34 ./Drivers/STM32F4xx_HAL_Driver/Src/stm32f4xx_hal_rcc.o
 .ARM.attributes
                0x000000000000034b       0x34 ./Drivers/STM32F4xx_HAL_Driver/Src/stm32f4xx_hal_uart.o
 .ARM.attributes
                0x000000000000037f       0x39 ../Core/Lib\libarm_cortexM4lf_math.a(arm_rfft_fast_init_f32.o)
 .ARM.attributes
                0x00000000000003b8       0x39 ../Core/Lib\libarm_cortexM4lf_math.a(arm_rfft_fast_f32.o)
 .ARM.attributes
                0x00000000000003f1       0x39 ../Core/Lib\libarm_cortexM4lf_math.a(arm_cfft_f32.o)
 .ARM.attributes
                0x000000000000042a       0x39 ../Core/Lib\libarm_cortexM4lf_math.a(arm_common_tables.o)
 .ARM.attributes
                0x0000000000000463       0x25 ../Core/Lib\libarm_cortexM4lf_math.a(arm_bitreversal2.o)
 .ARM.attributes
                0x0000000000000488       0x39 ../Core/Lib\libarm_cortexM4lf_math.a(arm_cfft_radix8_f32.o)
 .ARM.attributes
                0x00000000000004c1       0x34 c:/st/stm32cubeide_1.5.1/stm32cubeide/plugins/com.st.stm32cube.ide.mcu.externaltools.gnu-tools-for-stm32.10.3-2021.10.win32_1.0.0.202111181127/tools/bin/../lib/gcc/arm-none-eabi/10.3.1/../../../../arm-none-eabi/lib/thumb/v7e-m+fp/hard\libc_nano.a(lib_a-errno.o)
 .ARM.attributes
                0x00000000000004f5       0x34 c:/st/stm32cubeide_1.5.1/stm32cubeide/plugins/com.st.stm32cube.ide.mcu.externaltools.gnu-tools-for-stm32.10.3-2021.10.win32_1.0.0.202111181127/tools/bin/../lib/gcc/arm-none-eabi/10.3.1/../../../../arm-none-eabi/lib/thumb/v7e-m+fp/hard\libc_nano.a(lib_a-impure.o)
 .ARM.attributes
                0x0000000000000529       0x34 c:/st/stm32cubeide_1.5.1/stm32cubeide/plugins/com.st.stm32cube.ide.mcu.externaltools.gnu-tools-for-stm32.10.3-2021.10.win32_1.0.0.202111181127/tools/bin/../lib/gcc/arm-none-eabi/10.3.1/../../../../arm-none-eabi/lib/thumb/v7e-m+fp/hard\libc_nano.a(lib_a-init.o)
 .ARM.attributes
                0x000000000000055d       0x34 c:/st/stm32cubeide_1.5.1/stm32cubeide/plugins/com.st.stm32cube.ide.mcu.externaltools.gnu-tools-for-stm32.10.3-2021.10.win32_1.0.0.202111181127/tools/bin/../lib/gcc/arm-none-eabi/10.3.1/../../../../arm-none-eabi/lib/thumb/v7e-m+fp/hard\libc_nano.a(lib_a-memset.o)
 .ARM.attributes
                0x0000000000000591       0x34 c:/st/stm32cubeide_1.5.1/stm32cubeide/plugins/com.st.stm32cube.ide.mcu.externaltools.gnu-tools-for-stm32.10.3-2021.10.win32_1.0.0.202111181127/tools/bin/../lib/gcc/arm-none-eabi/10.3.1/../../../../arm-none-eabi/lib/thumb/v7e-m+fp/hard\libm.a(lib_a-wf_log10.o)
 .ARM.attributes
                0x00000000000005c5       0x34 c:/st/stm32cubeide_1.5.1/stm32cubeide/plugins/com.st.stm32cube.ide.mcu.externaltools.gnu-tools-for-stm32.10.3-2021.10.win32_1.0.0.202111181127/tools/bin/../lib/gcc/arm-none-eabi/10.3.1/../../../../arm-none-eabi/lib/thumb/v7e-m+fp/hard\libm.a(lib_a-wf_sqrt.o)
 .ARM.attributes
                0x00000000000005f9       0x34 c:/st/stm32cubeide_1.5.1/stm32cubeide/plugins/com.st.stm32cube.ide.mcu.externaltools.gnu-tools-for-stm32.10.3-2021.10.win32_1.0.0.202111181127/tools/bin/../lib/gcc/arm-none-eabi/10.3.1/../../../../arm-none-eabi/lib/thumb/v7e-m+fp/hard\libm.a(lib_a-ef_log10.o)
 .ARM.attributes
                0x000000000000062d       0x34 c:/st/stm32cubeide_1.5.1/stm32cubeide/plugins/com.st.stm32cube.ide.mcu.externaltools.gnu-tools-for-stm32.10.3-2021.10.win32_1.0.0.202111181127/tools/bin/../lib/gcc/arm-none-eabi/10.3.1/../../../../arm-none-eabi/lib/thumb/v7e-m+fp/hard\libm.a(lib_a-ef_sqrt.o)
 .ARM.attributes
                0x0000000000000661       0x34 c:/st/stm32cubeide_1.5.1/stm32cubeide/plugins/com.st.stm32cube.ide.mcu.externaltools.gnu-tools-for-stm32.10.3-2021.10.win32_1.0.0.202111181127/tools/bin/../lib/gcc/arm-none-eabi/10.3.1/../../../../arm-none-eabi/lib/thumb/v7e-m+fp/hard\libm.a(lib_a-sf_nan.o)
 .ARM.attributes
                0x0000000000000695       0x34 c:/st/stm32cubeide_1.5.1/stm32cubeide/plugins/com.st.stm32cube.ide.mcu.externaltools.gnu-tools-for-stm32.10.3-2021.10.win32_1.0.0.202111181127/tools/bin/../lib/gcc/arm-none-eabi/10.3.1/../../../../arm-none-eabi/lib/thumb/v7e-m+fp/hard\libm.a(lib_a-ef_log.o)
 .ARM.attributes
                0x00000000000006c9       0x1e c:/st/stm32cubeide_1.5.1/stm32cubeide/plugins/com.st.stm32cube.ide.mcu.externaltools.gnu-tools-for-stm32.10.3-2021.10.win32_1.0.0.202111181127/tools/bin/../lib/gcc/arm-none-eabi/10.3.1/thumb/v7e-m+fp/hard\libgcc.a(_aeabi_uldivmod.o)
 .ARM.attributes
                0x00000000000006e7       0x34 c:/st/stm32cubeide_1.5.1/stm32cubeide/plugins/com.st.stm32cube.ide.mcu.externaltools.gnu-tools-for-stm32.10.3-2021.10.win32_1.0.0.202111181127/tools/bin/../lib/gcc/arm-none-eabi/10.3.1/thumb/v7e-m+fp/hard\libgcc.a(_udivmoddi4.o)
 .ARM.attributes
                0x000000000000071b       0x1e c:/st/stm32cubeide_1.5.1/stm32cubeide/plugins/com.st.stm32cube.ide.mcu.externaltools.gnu-tools-for-stm32.10.3-2021.10.win32_1.0.0.202111181127/tools/bin/../lib/gcc/arm-none-eabi/10.3.1/thumb/v7e-m+fp/hard\libgcc.a(_dvmd_tls.o)
 .ARM.attributes
                0x0000000000000739       0x1e c:/st/stm32cubeide_1.5.1/stm32cubeide/plugins/com.st.stm32cube.ide.mcu.externaltools.gnu-tools-for-stm32.10.3-2021.10.win32_1.0.0.202111181127/tools/bin/../lib/gcc/arm-none-eabi/10.3.1/thumb/v7e-m+fp/hard/crtn.o
OUTPUT(ADC_UART_HalfConvComplete_FromScratch.elf elf32-littlearm)
LOAD linker stubs
LOAD c:/st/stm32cubeide_1.5.1/stm32cubeide/plugins/com.st.stm32cube.ide.mcu.externaltools.gnu-tools-for-stm32.10.3-2021.10.win32_1.0.0.202111181127/tools/bin/../lib/gcc/arm-none-eabi/10.3.1/../../../../arm-none-eabi/lib/thumb/v7e-m+fp/hard\libc.a
LOAD c:/st/stm32cubeide_1.5.1/stm32cubeide/plugins/com.st.stm32cube.ide.mcu.externaltools.gnu-tools-for-stm32.10.3-2021.10.win32_1.0.0.202111181127/tools/bin/../lib/gcc/arm-none-eabi/10.3.1/../../../../arm-none-eabi/lib/thumb/v7e-m+fp/hard\libm.a
LOAD c:/st/stm32cubeide_1.5.1/stm32cubeide/plugins/com.st.stm32cube.ide.mcu.externaltools.gnu-tools-for-stm32.10.3-2021.10.win32_1.0.0.202111181127/tools/bin/../lib/gcc/arm-none-eabi/10.3.1/thumb/v7e-m+fp/hard\libgcc.a

.debug_info     0x0000000000000000     0xd0aa
 .debug_info    0x0000000000000000      0xa8d ./Core/Src/adc.o
 .debug_info    0x0000000000000a8d      0x4a5 ./Core/Src/dma.o
 .debug_info    0x0000000000000f32      0x49d ./Core/Src/gpio.o
 .debug_info    0x00000000000013cf     0x102d ./Core/Src/main.o
 .debug_info    0x00000000000023fc      0x2e7 ./Core/Src/stm32f4xx_hal_msp.o
 .debug_info    0x00000000000026e3      0x774 ./Core/Src/stm32f4xx_it.o
 .debug_info    0x0000000000002e57      0x54f ./Core/Src/system_stm32f4xx.o
 .debug_info    0x00000000000033a6      0xbe8 ./Core/Src/usart.o
 .debug_info    0x0000000000003f8e       0x22 ./Core/Startup/startup_stm32f411retx.o
 .debug_info    0x0000000000003fb0      0x90d ./Drivers/STM32F4xx_HAL_Driver/Src/stm32f4xx_hal.o
 .debug_info    0x00000000000048bd      0xd68 ./Drivers/STM32F4xx_HAL_Driver/Src/stm32f4xx_hal_adc.o
 .debug_info    0x0000000000005625      0xd8b ./Drivers/STM32F4xx_HAL_Driver/Src/stm32f4xx_hal_cortex.o
 .debug_info    0x00000000000063b0      0x947 ./Drivers/STM32F4xx_HAL_Driver/Src/stm32f4xx_hal_dma.o
 .debug_info    0x0000000000006cf7      0x78e ./Drivers/STM32F4xx_HAL_Driver/Src/stm32f4xx_hal_gpio.o
 .debug_info    0x0000000000007485      0x98d ./Drivers/STM32F4xx_HAL_Driver/Src/stm32f4xx_hal_rcc.o
 .debug_info    0x0000000000007e12     0x31b4 ./Drivers/STM32F4xx_HAL_Driver/Src/stm32f4xx_hal_uart.o
 .debug_info    0x000000000000afc6      0x4c3 ../Core/Lib\libarm_cortexM4lf_math.a(arm_rfft_fast_init_f32.o)
 .debug_info    0x000000000000b489      0x72d ../Core/Lib\libarm_cortexM4lf_math.a(arm_rfft_fast_f32.o)
 .debug_info    0x000000000000bbb6      0x6b9 ../Core/Lib\libarm_cortexM4lf_math.a(arm_cfft_f32.o)
 .debug_info    0x000000000000c26f      0x99d ../Core/Lib\libarm_cortexM4lf_math.a(arm_common_tables.o)
 .debug_info    0x000000000000cc0c       0x85 ../Core/Lib\libarm_cortexM4lf_math.a(arm_bitreversal2.o)
 .debug_info    0x000000000000cc91      0x419 ../Core/Lib\libarm_cortexM4lf_math.a(arm_cfft_radix8_f32.o)

.debug_abbrev   0x0000000000000000     0x22dd
 .debug_abbrev  0x0000000000000000      0x1f3 ./Core/Src/adc.o
 .debug_abbrev  0x00000000000001f3      0x115 ./Core/Src/dma.o
 .debug_abbrev  0x0000000000000308      0x146 ./Core/Src/gpio.o
 .debug_abbrev  0x000000000000044e      0x28b ./Core/Src/main.o
 .debug_abbrev  0x00000000000006d9       0xf0 ./Core/Src/stm32f4xx_hal_msp.o
 .debug_abbrev  0x00000000000007c9      0x19e ./Core/Src/stm32f4xx_it.o
 .debug_abbrev  0x0000000000000967      0x116 ./Core/Src/system_stm32f4xx.o
 .debug_abbrev  0x0000000000000a7d      0x218 ./Core/Src/usart.o
 .debug_abbrev  0x0000000000000c95       0x12 ./Core/Startup/startup_stm32f411retx.o
 .debug_abbrev  0x0000000000000ca7      0x23e ./Drivers/STM32F4xx_HAL_Driver/Src/stm32f4xx_hal.o
 .debug_abbrev  0x0000000000000ee5      0x204 ./Drivers/STM32F4xx_HAL_Driver/Src/stm32f4xx_hal_adc.o
 .debug_abbrev  0x00000000000010e9      0x316 ./Drivers/STM32F4xx_HAL_Driver/Src/stm32f4xx_hal_cortex.o
 .debug_abbrev  0x00000000000013ff      0x21b ./Drivers/STM32F4xx_HAL_Driver/Src/stm32f4xx_hal_dma.o
 .debug_abbrev  0x000000000000161a      0x1c4 ./Drivers/STM32F4xx_HAL_Driver/Src/stm32f4xx_hal_gpio.o
 .debug_abbrev  0x00000000000017de      0x2aa ./Drivers/STM32F4xx_HAL_Driver/Src/stm32f4xx_hal_rcc.o
 .debug_abbrev  0x0000000000001a88      0x305 ./Drivers/STM32F4xx_HAL_Driver/Src/stm32f4xx_hal_uart.o
 .debug_abbrev  0x0000000000001d8d       0xfd ../Core/Lib\libarm_cortexM4lf_math.a(arm_rfft_fast_init_f32.o)
 .debug_abbrev  0x0000000000001e8a      0x188 ../Core/Lib\libarm_cortexM4lf_math.a(arm_rfft_fast_f32.o)
 .debug_abbrev  0x0000000000002012      0x18b ../Core/Lib\libarm_cortexM4lf_math.a(arm_cfft_f32.o)
 .debug_abbrev  0x000000000000219d       0x84 ../Core/Lib\libarm_cortexM4lf_math.a(arm_common_tables.o)
 .debug_abbrev  0x0000000000002221       0x14 ../Core/Lib\libarm_cortexM4lf_math.a(arm_bitreversal2.o)
 .debug_abbrev  0x0000000000002235       0xa8 ../Core/Lib\libarm_cortexM4lf_math.a(arm_cfft_radix8_f32.o)

.debug_aranges  0x0000000000000000      0x908
 .debug_aranges
                0x0000000000000000       0x30 ./Core/Src/adc.o
 .debug_aranges
                0x0000000000000030       0x20 ./Core/Src/dma.o
 .debug_aranges
                0x0000000000000050       0x20 ./Core/Src/gpio.o
 .debug_aranges
                0x0000000000000070       0x48 ./Core/Src/main.o
 .debug_aranges
                0x00000000000000b8       0x20 ./Core/Src/stm32f4xx_hal_msp.o
 .debug_aranges
                0x00000000000000d8       0x78 ./Core/Src/stm32f4xx_it.o
 .debug_aranges
                0x0000000000000150       0x28 ./Core/Src/system_stm32f4xx.o
 .debug_aranges
                0x0000000000000178       0x30 ./Core/Src/usart.o
 .debug_aranges
                0x00000000000001a8       0x28 ./Core/Startup/startup_stm32f411retx.o
 .debug_aranges
                0x00000000000001d0       0xf0 ./Drivers/STM32F4xx_HAL_Driver/Src/stm32f4xx_hal.o
 .debug_aranges
                0x00000000000002c0       0xe8 ./Drivers/STM32F4xx_HAL_Driver/Src/stm32f4xx_hal_adc.o
 .debug_aranges
                0x00000000000003a8      0x118 ./Drivers/STM32F4xx_HAL_Driver/Src/stm32f4xx_hal_cortex.o
 .debug_aranges
                0x00000000000004c0       0x90 ./Drivers/STM32F4xx_HAL_Driver/Src/stm32f4xx_hal_dma.o
 .debug_aranges
                0x0000000000000550       0x58 ./Drivers/STM32F4xx_HAL_Driver/Src/stm32f4xx_hal_gpio.o
 .debug_aranges
                0x00000000000005a8       0x88 ./Drivers/STM32F4xx_HAL_Driver/Src/stm32f4xx_hal_rcc.o
 .debug_aranges
                0x0000000000000630      0x200 ./Drivers/STM32F4xx_HAL_Driver/Src/stm32f4xx_hal_uart.o
 .debug_aranges
                0x0000000000000830       0x20 ../Core/Lib\libarm_cortexM4lf_math.a(arm_rfft_fast_init_f32.o)
 .debug_aranges
                0x0000000000000850       0x30 ../Core/Lib\libarm_cortexM4lf_math.a(arm_rfft_fast_f32.o)
 .debug_aranges
                0x0000000000000880       0x30 ../Core/Lib\libarm_cortexM4lf_math.a(arm_cfft_f32.o)
 .debug_aranges
                0x00000000000008b0       0x18 ../Core/Lib\libarm_cortexM4lf_math.a(arm_common_tables.o)
 .debug_aranges
                0x00000000000008c8       0x20 ../Core/Lib\libarm_cortexM4lf_math.a(arm_bitreversal2.o)
 .debug_aranges
                0x00000000000008e8       0x20 ../Core/Lib\libarm_cortexM4lf_math.a(arm_cfft_radix8_f32.o)

.debug_ranges   0x0000000000000000      0x7c8
 .debug_ranges  0x0000000000000000       0x20 ./Core/Src/adc.o
 .debug_ranges  0x0000000000000020       0x10 ./Core/Src/dma.o
 .debug_ranges  0x0000000000000030       0x10 ./Core/Src/gpio.o
 .debug_ranges  0x0000000000000040       0x38 ./Core/Src/main.o
 .debug_ranges  0x0000000000000078       0x10 ./Core/Src/stm32f4xx_hal_msp.o
 .debug_ranges  0x0000000000000088       0x68 ./Core/Src/stm32f4xx_it.o
 .debug_ranges  0x00000000000000f0       0x18 ./Core/Src/system_stm32f4xx.o
 .debug_ranges  0x0000000000000108       0x20 ./Core/Src/usart.o
 .debug_ranges  0x0000000000000128       0x20 ./Core/Startup/startup_stm32f411retx.o
 .debug_ranges  0x0000000000000148       0xe0 ./Drivers/STM32F4xx_HAL_Driver/Src/stm32f4xx_hal.o
 .debug_ranges  0x0000000000000228       0xd8 ./Drivers/STM32F4xx_HAL_Driver/Src/stm32f4xx_hal_adc.o
 .debug_ranges  0x0000000000000300      0x108 ./Drivers/STM32F4xx_HAL_Driver/Src/stm32f4xx_hal_cortex.o
 .debug_ranges  0x0000000000000408       0x80 ./Drivers/STM32F4xx_HAL_Driver/Src/stm32f4xx_hal_dma.o
 .debug_ranges  0x0000000000000488       0x48 ./Drivers/STM32F4xx_HAL_Driver/Src/stm32f4xx_hal_gpio.o
 .debug_ranges  0x00000000000004d0       0x78 ./Drivers/STM32F4xx_HAL_Driver/Src/stm32f4xx_hal_rcc.o
 .debug_ranges  0x0000000000000548      0x220 ./Drivers/STM32F4xx_HAL_Driver/Src/stm32f4xx_hal_uart.o
 .debug_ranges  0x0000000000000768       0x10 ../Core/Lib\libarm_cortexM4lf_math.a(arm_rfft_fast_init_f32.o)
 .debug_ranges  0x0000000000000778       0x20 ../Core/Lib\libarm_cortexM4lf_math.a(arm_rfft_fast_f32.o)
 .debug_ranges  0x0000000000000798       0x20 ../Core/Lib\libarm_cortexM4lf_math.a(arm_cfft_f32.o)
 .debug_ranges  0x00000000000007b8       0x10 ../Core/Lib\libarm_cortexM4lf_math.a(arm_cfft_radix8_f32.o)

.debug_macro    0x0000000000000000    0x17010
 .debug_macro   0x0000000000000000      0x1fb ./Core/Src/adc.o
 .debug_macro   0x00000000000001fb      0xa7e ./Core/Src/adc.o
 .debug_macro   0x0000000000000c79      0x29b ./Core/Src/adc.o
 .debug_macro   0x0000000000000f14       0x2e ./Core/Src/adc.o
 .debug_macro   0x0000000000000f42       0x28 ./Core/Src/adc.o
 .debug_macro   0x0000000000000f6a       0x22 ./Core/Src/adc.o
 .debug_macro   0x0000000000000f8c       0x8e ./Core/Src/adc.o
 .debug_macro   0x000000000000101a       0x51 ./Core/Src/adc.o
 .debug_macro   0x000000000000106b      0x103 ./Core/Src/adc.o
 .debug_macro   0x000000000000116e       0x6a ./Core/Src/adc.o
 .debug_macro   0x00000000000011d8      0x1df ./Core/Src/adc.o
 .debug_macro   0x00000000000013b7       0x1c ./Core/Src/adc.o
 .debug_macro   0x00000000000013d3       0x22 ./Core/Src/adc.o
 .debug_macro   0x00000000000013f5       0xd9 ./Core/Src/adc.o
 .debug_macro   0x00000000000014ce     0x102d ./Core/Src/adc.o
 .debug_macro   0x00000000000024fb      0x11f ./Core/Src/adc.o
 .debug_macro   0x000000000000261a     0xb953 ./Core/Src/adc.o
 .debug_macro   0x000000000000df6d       0x6d ./Core/Src/adc.o
 .debug_macro   0x000000000000dfda     0x367e ./Core/Src/adc.o
 .debug_macro   0x0000000000011658      0x174 ./Core/Src/adc.o
 .debug_macro   0x00000000000117cc       0x5c ./Core/Src/adc.o
 .debug_macro   0x0000000000011828      0x447 ./Core/Src/adc.o
 .debug_macro   0x0000000000011c6f      0x9fe ./Core/Src/adc.o
 .debug_macro   0x000000000001266d      0x115 ./Core/Src/adc.o
 .debug_macro   0x0000000000012782      0x11b ./Core/Src/adc.o
 .debug_macro   0x000000000001289d       0xa5 ./Core/Src/adc.o
 .debug_macro   0x0000000000012942      0x15f ./Core/Src/adc.o
 .debug_macro   0x0000000000012aa1      0x287 ./Core/Src/adc.o
 .debug_macro   0x0000000000012d28       0x5f ./Core/Src/adc.o
 .debug_macro   0x0000000000012d87      0x236 ./Core/Src/adc.o
 .debug_macro   0x0000000000012fbd      0x9e1 ./Core/Src/adc.o
 .debug_macro   0x000000000001399e      0x38b ./Core/Src/adc.o
 .debug_macro   0x0000000000013d29      0x17d ./Core/Src/adc.o
 .debug_macro   0x0000000000013ea6       0xf9 ./Core/Src/adc.o
 .debug_macro   0x0000000000013f9f      0x132 ./Core/Src/adc.o
 .debug_macro   0x00000000000140d1      0x264 ./Core/Src/adc.o
 .debug_macro   0x0000000000014335       0x2e ./Core/Src/adc.o
 .debug_macro   0x0000000000014363      0x11a ./Core/Src/adc.o
 .debug_macro   0x000000000001447d       0x85 ./Core/Src/adc.o
 .debug_macro   0x0000000000014502       0x89 ./Core/Src/adc.o
 .debug_macro   0x000000000001458b      0x295 ./Core/Src/adc.o
 .debug_macro   0x0000000000014820      0x126 ./Core/Src/adc.o
 .debug_macro   0x0000000000014946       0x70 ./Core/Src/adc.o
 .debug_macro   0x00000000000149b6      0x1fb ./Core/Src/dma.o
 .debug_macro   0x0000000000014bb1      0x1fb ./Core/Src/gpio.o
 .debug_macro   0x0000000000014dac      0x326 ./Core/Src/main.o
 .debug_macro   0x00000000000150d2       0x12 ./Core/Src/main.o
 .debug_macro   0x00000000000150e4       0x52 ./Core/Src/main.o
 .debug_macro   0x0000000000015136       0x1e ./Core/Src/main.o
 .debug_macro   0x0000000000015154       0x3c ./Core/Src/main.o
 .debug_macro   0x0000000000015190       0x34 ./Core/Src/main.o
 .debug_macro   0x00000000000151c4       0x16 ./Core/Src/main.o
 .debug_macro   0x00000000000151da       0x43 ./Core/Src/main.o
 .debug_macro   0x000000000001521d       0x34 ./Core/Src/main.o
 .debug_macro   0x0000000000015251       0x10 ./Core/Src/main.o
 .debug_macro   0x0000000000015261       0x58 ./Core/Src/main.o
 .debug_macro   0x00000000000152b9       0x71 ./Core/Src/main.o
 .debug_macro   0x000000000001532a       0x1c ./Core/Src/main.o
 .debug_macro   0x0000000000015346      0x12a ./Core/Src/main.o
 .debug_macro   0x0000000000015470      0x341 ./Core/Src/main.o
 .debug_macro   0x00000000000157b1       0x10 ./Core/Src/main.o
 .debug_macro   0x00000000000157c1       0x35 ./Core/Src/main.o
 .debug_macro   0x00000000000157f6       0x20 ./Core/Src/main.o
 .debug_macro   0x0000000000015816      0x19b ./Core/Src/main.o
 .debug_macro   0x00000000000159b1       0xd6 ./Core/Src/main.o
 .debug_macro   0x0000000000015a87      0x1f1 ./Core/Src/stm32f4xx_hal_msp.o
 .debug_macro   0x0000000000015c78      0x1fb ./Core/Src/stm32f4xx_it.o
 .debug_macro   0x0000000000015e73      0x1e2 ./Core/Src/system_stm32f4xx.o
 .debug_macro   0x0000000000016055      0x1fb ./Core/Src/usart.o
 .debug_macro   0x0000000000016250      0x242 ./Drivers/STM32F4xx_HAL_Driver/Src/stm32f4xx_hal.o
 .debug_macro   0x0000000000016492      0x1e3 ./Drivers/STM32F4xx_HAL_Driver/Src/stm32f4xx_hal_adc.o
 .debug_macro   0x0000000000016675      0x1e2 ./Drivers/STM32F4xx_HAL_Driver/Src/stm32f4xx_hal_cortex.o
 .debug_macro   0x0000000000016857      0x1e8 ./Drivers/STM32F4xx_HAL_Driver/Src/stm32f4xx_hal_dma.o
 .debug_macro   0x0000000000016a3f      0x1e8 ./Drivers/STM32F4xx_HAL_Driver/Src/stm32f4xx_hal_gpio.o
 .debug_macro   0x0000000000016c27      0x206 ./Drivers/STM32F4xx_HAL_Driver/Src/stm32f4xx_hal_rcc.o
 .debug_macro   0x0000000000016e2d      0x1e3 ./Drivers/STM32F4xx_HAL_Driver/Src/stm32f4xx_hal_uart.o

.debug_line     0x0000000000000000     0xca5d
 .debug_line    0x0000000000000000      0x774 ./Core/Src/adc.o
 .debug_line    0x0000000000000774      0x6cc ./Core/Src/dma.o
 .debug_line    0x0000000000000e40      0x702 ./Core/Src/gpio.o
 .debug_line    0x0000000000001542      0xa01 ./Core/Src/main.o
 .debug_line    0x0000000000001f43      0x6ce ./Core/Src/stm32f4xx_hal_msp.o
 .debug_line    0x0000000000002611      0x7da ./Core/Src/stm32f4xx_it.o
 .debug_line    0x0000000000002deb      0x74f ./Core/Src/system_stm32f4xx.o
 .debug_line    0x000000000000353a      0x761 ./Core/Src/usart.o
 .debug_line    0x0000000000003c9b       0x88 ./Core/Startup/startup_stm32f411retx.o
 .debug_line    0x0000000000003d23      0x9b5 ./Drivers/STM32F4xx_HAL_Driver/Src/stm32f4xx_hal.o
 .debug_line    0x00000000000046d8     0x1165 ./Drivers/STM32F4xx_HAL_Driver/Src/stm32f4xx_hal_adc.o
 .debug_line    0x000000000000583d      0xc64 ./Drivers/STM32F4xx_HAL_Driver/Src/stm32f4xx_hal_cortex.o
 .debug_line    0x00000000000064a1      0xf19 ./Drivers/STM32F4xx_HAL_Driver/Src/stm32f4xx_hal_dma.o
 .debug_line    0x00000000000073ba      0xaed ./Drivers/STM32F4xx_HAL_Driver/Src/stm32f4xx_hal_gpio.o
 .debug_line    0x0000000000007ea7      0xd31 ./Drivers/STM32F4xx_HAL_Driver/Src/stm32f4xx_hal_rcc.o
 .debug_line    0x0000000000008bd8     0x2a5a ./Drivers/STM32F4xx_HAL_Driver/Src/stm32f4xx_hal_uart.o
 .debug_line    0x000000000000b632      0x1ab ../Core/Lib\libarm_cortexM4lf_math.a(arm_rfft_fast_init_f32.o)
 .debug_line    0x000000000000b7dd      0x2c2 ../Core/Lib\libarm_cortexM4lf_math.a(arm_rfft_fast_f32.o)
 .debug_line    0x000000000000ba9f      0x77e ../Core/Lib\libarm_cortexM4lf_math.a(arm_cfft_f32.o)
 .debug_line    0x000000000000c21d      0x12e ../Core/Lib\libarm_cortexM4lf_math.a(arm_common_tables.o)
 .debug_line    0x000000000000c34b       0x98 ../Core/Lib\libarm_cortexM4lf_math.a(arm_bitreversal2.o)
 .debug_line    0x000000000000c3e3      0x67a ../Core/Lib\libarm_cortexM4lf_math.a(arm_cfft_radix8_f32.o)

.debug_str      0x0000000000000000    0x91e55
 .debug_str     0x0000000000000000    0x8b5ef ./Core/Src/adc.o
                                      0x8b8e4 (size before relaxing)
 .debug_str     0x000000000008b5ef      0x3e7 ./Core/Src/dma.o
                                      0x8b746 (size before relaxing)
 .debug_str     0x000000000008b9d6       0x68 ./Core/Src/gpio.o
                                      0x8b44c (size before relaxing)
 .debug_str     0x000000000008ba3e     0x4140 ./Core/Src/main.o
                                      0x8f95b (size before relaxing)
 .debug_str     0x000000000008fb7e       0x49 ./Core/Src/stm32f4xx_hal_msp.o
                                      0x8b39e (size before relaxing)
 .debug_str     0x000000000008fbc7      0x154 ./Core/Src/stm32f4xx_it.o
                                      0x8b81e (size before relaxing)
 .debug_str     0x000000000008fd1b       0xdb ./Core/Src/system_stm32f4xx.o
                                      0x8b2b7 (size before relaxing)
 .debug_str     0x000000000008fdf6       0x65 ./Core/Src/usart.o
                                      0x8bce8 (size before relaxing)
 .debug_str     0x000000000008fe5b       0x36 ./Core/Startup/startup_stm32f411retx.o
                                         0x78 (size before relaxing)
 .debug_str     0x000000000008fe91      0x5fa ./Drivers/STM32F4xx_HAL_Driver/Src/stm32f4xx_hal.o
                                      0x8bce3 (size before relaxing)
 .debug_str     0x000000000009048b      0x2a5 ./Drivers/STM32F4xx_HAL_Driver/Src/stm32f4xx_hal_adc.o
                                      0x8b892 (size before relaxing)
 .debug_str     0x0000000000090730      0x326 ./Drivers/STM32F4xx_HAL_Driver/Src/stm32f4xx_hal_cortex.o
                                      0x8ba04 (size before relaxing)
 .debug_str     0x0000000000090a56      0x2d5 ./Drivers/STM32F4xx_HAL_Driver/Src/stm32f4xx_hal_dma.o
                                      0x8b6bf (size before relaxing)
 .debug_str     0x0000000000090d2b      0x10e ./Drivers/STM32F4xx_HAL_Driver/Src/stm32f4xx_hal_gpio.o
                                      0x8b432 (size before relaxing)
 .debug_str     0x0000000000090e39      0x233 ./Drivers/STM32F4xx_HAL_Driver/Src/stm32f4xx_hal_rcc.o
                                      0x8b6eb (size before relaxing)
 .debug_str     0x000000000009106c      0x5da ./Drivers/STM32F4xx_HAL_Driver/Src/stm32f4xx_hal_uart.o
                                      0x8bc78 (size before relaxing)
 .debug_str     0x0000000000091646      0x328 ../Core/Lib\libarm_cortexM4lf_math.a(arm_rfft_fast_init_f32.o)
                                        0x517 (size before relaxing)
 .debug_str     0x000000000009196e       0x6a ../Core/Lib\libarm_cortexM4lf_math.a(arm_rfft_fast_f32.o)
                                        0x2f4 (size before relaxing)
 .debug_str     0x00000000000919d8      0x109 ../Core/Lib\libarm_cortexM4lf_math.a(arm_cfft_f32.o)
                                        0x35f (size before relaxing)
 .debug_str     0x0000000000091ae1      0x331 ../Core/Lib\libarm_cortexM4lf_math.a(arm_common_tables.o)
                                        0x704 (size before relaxing)
 .debug_str     0x0000000000091e12       0x43 ../Core/Lib\libarm_cortexM4lf_math.a(arm_cfft_radix8_f32.o)
                                        0x256 (size before relaxing)

.comment        0x0000000000000000       0xc0
 .comment       0x0000000000000000       0x50 ./Core/Src/adc.o
                                         0x51 (size before relaxing)
 .comment       0x0000000000000050       0x51 ./Core/Src/dma.o
 .comment       0x0000000000000050       0x51 ./Core/Src/gpio.o
 .comment       0x0000000000000050       0x51 ./Core/Src/main.o
 .comment       0x0000000000000050       0x51 ./Core/Src/stm32f4xx_hal_msp.o
 .comment       0x0000000000000050       0x51 ./Core/Src/stm32f4xx_it.o
 .comment       0x0000000000000050       0x51 ./Core/Src/system_stm32f4xx.o
 .comment       0x0000000000000050       0x51 ./Core/Src/usart.o
 .comment       0x0000000000000050       0x51 ./Drivers/STM32F4xx_HAL_Driver/Src/stm32f4xx_hal.o
 .comment       0x0000000000000050       0x51 ./Drivers/STM32F4xx_HAL_Driver/Src/stm32f4xx_hal_adc.o
 .comment       0x0000000000000050       0x51 ./Drivers/STM32F4xx_HAL_Driver/Src/stm32f4xx_hal_cortex.o
 .comment       0x0000000000000050       0x51 ./Drivers/STM32F4xx_HAL_Driver/Src/stm32f4xx_hal_dma.o
 .comment       0x0000000000000050       0x51 ./Drivers/STM32F4xx_HAL_Driver/Src/stm32f4xx_hal_gpio.o
 .comment       0x0000000000000050       0x51 ./Drivers/STM32F4xx_HAL_Driver/Src/stm32f4xx_hal_rcc.o
 .comment       0x0000000000000050       0x51 ./Drivers/STM32F4xx_HAL_Driver/Src/stm32f4xx_hal_uart.o
 .comment       0x0000000000000050       0x70 ../Core/Lib\libarm_cortexM4lf_math.a(arm_rfft_fast_init_f32.o)
                                         0x71 (size before relaxing)
 .comment       0x00000000000000c0       0x71 ../Core/Lib\libarm_cortexM4lf_math.a(arm_rfft_fast_f32.o)
 .comment       0x00000000000000c0       0x71 ../Core/Lib\libarm_cortexM4lf_math.a(arm_cfft_f32.o)
 .comment       0x00000000000000c0       0x71 ../Core/Lib\libarm_cortexM4lf_math.a(arm_common_tables.o)
 .comment       0x00000000000000c0       0x71 ../Core/Lib\libarm_cortexM4lf_math.a(arm_cfft_radix8_f32.o)

.debug_frame    0x0000000000000000     0x2300
 .debug_frame   0x0000000000000000       0x7c ./Core/Src/adc.o
 .debug_frame   0x000000000000007c       0x34 ./Core/Src/dma.o
 .debug_frame   0x00000000000000b0       0x34 ./Core/Src/gpio.o
 .debug_frame   0x00000000000000e4       0xe0 ./Core/Src/main.o
 .debug_frame   0x00000000000001c4       0x34 ./Core/Src/stm32f4xx_hal_msp.o
 .debug_frame   0x00000000000001f8      0x158 ./Core/Src/stm32f4xx_it.o
 .debug_frame   0x0000000000000350       0x58 ./Core/Src/system_stm32f4xx.o
 .debug_frame   0x00000000000003a8       0x74 ./Core/Src/usart.o
 .debug_frame   0x000000000000041c      0x374 ./Drivers/STM32F4xx_HAL_Driver/Src/stm32f4xx_hal.o
 .debug_frame   0x0000000000000790      0x3fc ./Drivers/STM32F4xx_HAL_Driver/Src/stm32f4xx_hal_adc.o
 .debug_frame   0x0000000000000b8c      0x498 ./Drivers/STM32F4xx_HAL_Driver/Src/stm32f4xx_hal_cortex.o
 .debug_frame   0x0000000000001024      0x250 ./Drivers/STM32F4xx_HAL_Driver/Src/stm32f4xx_hal_dma.o
 .debug_frame   0x0000000000001274      0x14c ./Drivers/STM32F4xx_HAL_Driver/Src/stm32f4xx_hal_gpio.o
 .debug_frame   0x00000000000013c0      0x1f4 ./Drivers/STM32F4xx_HAL_Driver/Src/stm32f4xx_hal_rcc.o
 .debug_frame   0x00000000000015b4      0x92c ./Drivers/STM32F4xx_HAL_Driver/Src/stm32f4xx_hal_uart.o
 .debug_frame   0x0000000000001ee0       0x34 ../Core/Lib\libarm_cortexM4lf_math.a(arm_rfft_fast_init_f32.o)
 .debug_frame   0x0000000000001f14       0x74 ../Core/Lib\libarm_cortexM4lf_math.a(arm_rfft_fast_f32.o)
 .debug_frame   0x0000000000001f88       0xfc ../Core/Lib\libarm_cortexM4lf_math.a(arm_cfft_f32.o)
 .debug_frame   0x0000000000002084       0x94 ../Core/Lib\libarm_cortexM4lf_math.a(arm_cfft_radix8_f32.o)
 .debug_frame   0x0000000000002118       0x20 c:/st/stm32cubeide_1.5.1/stm32cubeide/plugins/com.st.stm32cube.ide.mcu.externaltools.gnu-tools-for-stm32.10.3-2021.10.win32_1.0.0.202111181127/tools/bin/../lib/gcc/arm-none-eabi/10.3.1/../../../../arm-none-eabi/lib/thumb/v7e-m+fp/hard\libc_nano.a(lib_a-errno.o)
 .debug_frame   0x0000000000002138       0x2c c:/st/stm32cubeide_1.5.1/stm32cubeide/plugins/com.st.stm32cube.ide.mcu.externaltools.gnu-tools-for-stm32.10.3-2021.10.win32_1.0.0.202111181127/tools/bin/../lib/gcc/arm-none-eabi/10.3.1/../../../../arm-none-eabi/lib/thumb/v7e-m+fp/hard\libc_nano.a(lib_a-init.o)
 .debug_frame   0x0000000000002164       0x20 c:/st/stm32cubeide_1.5.1/stm32cubeide/plugins/com.st.stm32cube.ide.mcu.externaltools.gnu-tools-for-stm32.10.3-2021.10.win32_1.0.0.202111181127/tools/bin/../lib/gcc/arm-none-eabi/10.3.1/../../../../arm-none-eabi/lib/thumb/v7e-m+fp/hard\libc_nano.a(lib_a-memset.o)
 .debug_frame   0x0000000000002184       0x48 c:/st/stm32cubeide_1.5.1/stm32cubeide/plugins/com.st.stm32cube.ide.mcu.externaltools.gnu-tools-for-stm32.10.3-2021.10.win32_1.0.0.202111181127/tools/bin/../lib/gcc/arm-none-eabi/10.3.1/../../../../arm-none-eabi/lib/thumb/v7e-m+fp/hard\libm.a(lib_a-wf_log10.o)
 .debug_frame   0x00000000000021cc       0x38 c:/st/stm32cubeide_1.5.1/stm32cubeide/plugins/com.st.stm32cube.ide.mcu.externaltools.gnu-tools-for-stm32.10.3-2021.10.win32_1.0.0.202111181127/tools/bin/../lib/gcc/arm-none-eabi/10.3.1/../../../../arm-none-eabi/lib/thumb/v7e-m+fp/hard\libm.a(lib_a-wf_sqrt.o)
 .debug_frame   0x0000000000002204       0x3c c:/st/stm32cubeide_1.5.1/stm32cubeide/plugins/com.st.stm32cube.ide.mcu.externaltools.gnu-tools-for-stm32.10.3-2021.10.win32_1.0.0.202111181127/tools/bin/../lib/gcc/arm-none-eabi/10.3.1/../../../../arm-none-eabi/lib/thumb/v7e-m+fp/hard\libm.a(lib_a-ef_log10.o)
 .debug_frame   0x0000000000002240       0x20 c:/st/stm32cubeide_1.5.1/stm32cubeide/plugins/com.st.stm32cube.ide.mcu.externaltools.gnu-tools-for-stm32.10.3-2021.10.win32_1.0.0.202111181127/tools/bin/../lib/gcc/arm-none-eabi/10.3.1/../../../../arm-none-eabi/lib/thumb/v7e-m+fp/hard\libm.a(lib_a-ef_sqrt.o)
 .debug_frame   0x0000000000002260       0x20 c:/st/stm32cubeide_1.5.1/stm32cubeide/plugins/com.st.stm32cube.ide.mcu.externaltools.gnu-tools-for-stm32.10.3-2021.10.win32_1.0.0.202111181127/tools/bin/../lib/gcc/arm-none-eabi/10.3.1/../../../../arm-none-eabi/lib/thumb/v7e-m+fp/hard\libm.a(lib_a-sf_nan.o)
 .debug_frame   0x0000000000002280       0x20 c:/st/stm32cubeide_1.5.1/stm32cubeide/plugins/com.st.stm32cube.ide.mcu.externaltools.gnu-tools-for-stm32.10.3-2021.10.win32_1.0.0.202111181127/tools/bin/../lib/gcc/arm-none-eabi/10.3.1/../../../../arm-none-eabi/lib/thumb/v7e-m+fp/hard\libm.a(lib_a-ef_log.o)
 .debug_frame   0x00000000000022a0       0x2c c:/st/stm32cubeide_1.5.1/stm32cubeide/plugins/com.st.stm32cube.ide.mcu.externaltools.gnu-tools-for-stm32.10.3-2021.10.win32_1.0.0.202111181127/tools/bin/../lib/gcc/arm-none-eabi/10.3.1/thumb/v7e-m+fp/hard\libgcc.a(_aeabi_uldivmod.o)
 .debug_frame   0x00000000000022cc       0x34 c:/st/stm32cubeide_1.5.1/stm32cubeide/plugins/com.st.stm32cube.ide.mcu.externaltools.gnu-tools-for-stm32.10.3-2021.10.win32_1.0.0.202111181127/tools/bin/../lib/gcc/arm-none-eabi/10.3.1/thumb/v7e-m+fp/hard\libgcc.a(_udivmoddi4.o)

.debug_loc      0x0000000000000000     0x2a79
 .debug_loc     0x0000000000000000      0x1a6 ../Core/Lib\libarm_cortexM4lf_math.a(arm_rfft_fast_init_f32.o)
 .debug_loc     0x00000000000001a6      0xf1a ../Core/Lib\libarm_cortexM4lf_math.a(arm_rfft_fast_f32.o)
 .debug_loc     0x00000000000010c0     0x1053 ../Core/Lib\libarm_cortexM4lf_math.a(arm_cfft_f32.o)
 .debug_loc     0x0000000000002113      0x966 ../Core/Lib\libarm_cortexM4lf_math.a(arm_cfft_radix8_f32.o)
